{
"kotlin-corda-project:sources/kotlin/corda/node/src/main/kotlin/net/corda/node/services/statemachine/transitions/StartedFlowTransition.kt": [
366
]
}
