{
"kotlin-corda-project:sources/kotlin/corda/node/src/main/kotlin/net/corda/node/internal/AbstractNode.kt": [
418
],
"kotlin-corda-project:sources/kotlin/corda/node/src/main/kotlin/net/corda/node/services/network/NetworkMapUpdater.kt": [
84
]
}
