{
'kotlin-corda-project:sources/kotlin/corda/client/rpc/src/test/kotlin/net/corda/client/rpc/RPCPermissionsTests.kt':[
54,
85,
],
'kotlin-corda-project:sources/kotlin/corda/core/src/main/kotlin/net/corda/core/crypto/CompositeSignature.kt':[
33,
],
'kotlin-corda-project:sources/kotlin/corda/core/src/main/kotlin/net/corda/core/internal/CertRole.kt':[
56,
],
'kotlin-corda-project:sources/kotlin/corda/core/src/test/kotlin/net/corda/core/contracts/ContractsDSLTests.kt':[
39,
40,
],
'kotlin-corda-project:sources/kotlin/corda/core/src/test/kotlin/net/corda/core/contracts/StructuresTests.kt':[
51,
],
'kotlin-corda-project:sources/kotlin/corda/core/src/test/kotlin/net/corda/core/contracts/TransactionVerificationExceptionSerialisationTests.kt':[
61,
],
'kotlin-corda-project:sources/kotlin/corda/core/src/test/kotlin/net/corda/core/crypto/CryptoUtilsTest.kt':[
492,
667,
692,
],
'kotlin-corda-project:sources/kotlin/corda/core/src/test/kotlin/net/corda/core/crypto/PartialMerkleTreeTest.kt':[
66,
],
'kotlin-corda-project:sources/kotlin/corda/core/src/test/kotlin/net/corda/core/crypto/X509NameConstraintsTest.kt':[
54,
],
'kotlin-corda-project:sources/kotlin/corda/core/src/test/kotlin/net/corda/core/identity/CordaX500NameTest.kt':[
14,
15,
],
'kotlin-corda-project:sources/kotlin/corda/core/src/test/kotlin/net/corda/core/internal/AbstractAttachmentTest.kt':[
34,
34,
34,
63,
],
'kotlin-corda-project:sources/kotlin/corda/core/src/test/kotlin/net/corda/core/internal/LegalNameValidatorTest.kt':[
56,
],
'kotlin-corda-project:sources/kotlin/corda/core/src/test/kotlin/net/corda/core/transactions/TransactionEncumbranceTests.kt':[
80,
92,
],
'kotlin-corda-project:sources/kotlin/corda/core/src/test/kotlin/net/corda/core/utilities/NetworkHostAndPortTest.kt':[
22,
],
'kotlin-corda-project:sources/kotlin/corda/docs/source/example-code/src/test/kotlin/net/corda/docs/tutorial/testdsl/TutorialTestDSL.kt':[
135,
206,
222,
],
'kotlin-corda-project:sources/kotlin/corda/experimental/src/test/kotlin/net/corda/finance/contracts/universal/Cap.kt':[
48,
48,
52,
71,
213,
214,
220,
],
'kotlin-corda-project:sources/kotlin/corda/experimental/src/test/kotlin/net/corda/finance/contracts/universal/Caplet.kt':[
27,
27,
27,
100,
],
'kotlin-corda-project:sources/kotlin/corda/experimental/src/test/kotlin/net/corda/finance/contracts/universal/ContractDefinition.kt':[
28,
],
'kotlin-corda-project:sources/kotlin/corda/experimental/src/test/kotlin/net/corda/finance/contracts/universal/Examples.kt':[
14,
],
'kotlin-corda-project:sources/kotlin/corda/experimental/src/test/kotlin/net/corda/finance/contracts/universal/FXFwdTimeOption.kt':[
84,
],
'kotlin-corda-project:sources/kotlin/corda/experimental/src/test/kotlin/net/corda/finance/contracts/universal/FXSwap.kt':[
139,
],
'kotlin-corda-project:sources/kotlin/corda/experimental/src/test/kotlin/net/corda/finance/contracts/universal/IRS.kt':[
37,
37,
40,
43,
47,
58,
163,
],
'kotlin-corda-project:sources/kotlin/corda/experimental/src/test/kotlin/net/corda/finance/contracts/universal/RollOutTests.kt':[
17,
],
'kotlin-corda-project:sources/kotlin/corda/finance/src/integration-test/kotlin/net/corda/finance/flows/CashSelectionTest.kt':[
26,
],
'kotlin-corda-project:sources/kotlin/corda/finance/src/test/kotlin/net/corda/finance/contracts/asset/CashTests.kt':[
134,
791,
],
'kotlin-corda-project:sources/kotlin/corda/finance/src/test/kotlin/net/corda/finance/contracts/asset/ObligationTests.kt':[
83,
99,
100,
101,
102,
118,
511,
601,
],
'kotlin-corda-project:sources/kotlin/corda/node-api/src/main/kotlin/net/corda/nodeapi/internal/network/NetworkBootstrapper.kt':[
53,
112,
],
'kotlin-corda-project:sources/kotlin/corda/node-api/src/main/kotlin/net/corda/nodeapi/internal/network/NodeInfoFilesCopier.kt':[
51,
],
'kotlin-corda-project:sources/kotlin/corda/node-api/src/test/kotlin/net/corda/nodeapi/internal/crypto/X509UtilitiesTest.kt':[
131,
],
'kotlin-corda-project:sources/kotlin/corda/node/src/integration-test/kotlin/net/corda/node/AuthDBTests.kt':[
147,
],
'kotlin-corda-project:sources/kotlin/corda/node/src/integration-test/kotlin/net/corda/node/amqp/ProtonWrapperTests.kt':[
366,
],
'kotlin-corda-project:sources/kotlin/corda/node/src/integration-test/kotlin/net/corda/node/services/rpc/RpcSslTest.kt':[
40,
43,
],
'kotlin-corda-project:sources/kotlin/corda/node/src/integration-test/kotlin/net/corda/services/messaging/P2PMessagingTest.kt':[
102,
147,
],
'kotlin-corda-project:sources/kotlin/corda/node/src/main/kotlin/net/corda/node/internal/cordapp/TypesafeCordappConfig.kt':[
20,
],
'kotlin-corda-project:sources/kotlin/corda/node/src/test/kotlin/net/corda/node/NodeArgsParserTest.kt':[
37,
54,
69,
112,
136,
],
'kotlin-corda-project:sources/kotlin/corda/node/src/test/kotlin/net/corda/node/messaging/InMemoryMessagingTests.kt':[
52,
],
'kotlin-corda-project:sources/kotlin/corda/node/src/test/kotlin/net/corda/node/messaging/TwoPartyTradeFlowTests.kt':[
140,
347,
],
'kotlin-corda-project:sources/kotlin/corda/node/src/test/kotlin/net/corda/node/services/RPCSecurityManagerTest.kt':[
97,
],
'kotlin-corda-project:sources/kotlin/corda/node/src/test/kotlin/net/corda/node/services/config/NodeConfigurationImplTest.kt':[
82,
102,
103,
134,
],
'kotlin-corda-project:sources/kotlin/corda/node/src/test/kotlin/net/corda/node/services/messaging/ArtemisMessagingTest.kt':[
130,
],
'kotlin-corda-project:sources/kotlin/corda/node/src/test/kotlin/net/corda/node/services/network/NetworkMapUpdaterTest.kt':[
85,
183,
],
'kotlin-corda-project:sources/kotlin/corda/node/src/test/kotlin/net/corda/node/services/persistence/NodeAttachmentStorageTest.kt':[
68,
69,
71,
72,
],
'kotlin-corda-project:sources/kotlin/corda/node/src/test/kotlin/net/corda/node/services/rpc/ArtemisRpcTests.kt':[
54,
],
'kotlin-corda-project:sources/kotlin/corda/node/src/test/kotlin/net/corda/node/services/statemachine/FlowFrameworkTests.kt':[
56,
71,
71,
185,
],
'kotlin-corda-project:sources/kotlin/corda/node/src/test/kotlin/net/corda/node/services/statemachine/FlowLogicRefFactoryImplTest.kt':[
48,
],
'kotlin-corda-project:sources/kotlin/corda/node/src/test/kotlin/net/corda/node/services/transactions/BFTSMaRtConfigTests.kt':[
34,
],
'kotlin-corda-project:sources/kotlin/corda/node/src/test/kotlin/net/corda/node/services/vault/VaultQueryTests.kt':[
2076,
],
'kotlin-corda-project:sources/kotlin/corda/node/src/test/kotlin/net/corda/node/utilities/ClockUtilsTest.kt':[
47,
73,
],
'kotlin-corda-project:sources/kotlin/corda/samples/irs-demo/cordapp/src/test/kotlin/net/corda/irs/api/NodeInterestRatesTest.kt':[
85,
],
'kotlin-corda-project:sources/kotlin/corda/samples/irs-demo/cordapp/src/test/kotlin/net/corda/irs/api/OracleNodeTearOffTests.kt':[
78,
],
'kotlin-corda-project:sources/kotlin/corda/samples/irs-demo/cordapp/src/test/kotlin/net/corda/irs/contract/IRSTests.kt':[
241,
418,
422,
439,
690,
703,
],
'kotlin-corda-project:sources/kotlin/corda/samples/irs-demo/src/integration-test/kotlin/net/corda/irs/IRSDemoTest.kt':[
68,
],
'kotlin-corda-project:sources/kotlin/corda/serialization/src/main/kotlin/net/corda/serialization/internal/amqp/Schema.kt':[
37,
],
'kotlin-corda-project:sources/kotlin/corda/serialization/src/main/kotlin/net/corda/serialization/internal/carpenter/ClassCarpenter.kt':[
307,
],
'kotlin-corda-project:sources/kotlin/corda/serialization/src/test/kotlin/net/corda/serialization/internal/AttachmentsClassLoaderTests.kt':[
128,
129,
141,
142,
],
'kotlin-corda-project:sources/kotlin/corda/serialization/src/test/kotlin/net/corda/serialization/internal/amqp/CorDappSerializerTests.kt':[
77,
],
'kotlin-corda-project:sources/kotlin/corda/serialization/src/test/kotlin/net/corda/serialization/internal/amqp/OverridePKSerializerTest.kt':[
29,
],
'kotlin-corda-project:sources/kotlin/corda/serialization/src/test/kotlin/net/corda/serialization/internal/amqp/SerializationOutputTests.kt':[
325,
1296,
],
'kotlin-corda-project:sources/kotlin/corda/serialization/src/test/kotlin/net/corda/serialization/internal/carpenter/ClassCarpenterTest.kt':[
29,
179,
],
'kotlin-corda-project:sources/kotlin/corda/serialization/src/test/kotlin/net/corda/serialization/internal/carpenter/EnumClassTests.kt':[
14,
],
'kotlin-corda-project:sources/kotlin/corda/testing/node-driver/src/main/kotlin/net/corda/testing/node/internal/DriverDSLImpl.kt':[
226,
],
'kotlin-corda-project:sources/kotlin/corda/tools/demobench/src/test/kotlin/net/corda/demobench/model/JVMConfigTest.kt':[
30,
],
'kotlin-corda-project:sources/kotlin/corda/tools/demobench/src/test/kotlin/net/corda/demobench/model/NodeControllerTest.kt':[
15,
16,
],
'kotlin-corda-project:sources/kotlin/corda/tools/shell/src/integration-test/kotlin/net/corda/tools/shell/InteractiveShellIntegrationTest.kt':[
79,
82,
],
'kotlin-corda-project:sources/kotlin/corda/tools/shell/src/test/kotlin/net/corda/tools/shell/CustomTypeJsonParsingTests.kt':[
36,
],
'kotlin-corda-project:sources/kotlin/corda/tools/shell/src/test/kotlin/net/corda/tools/shell/StandaloneShellArgsParserTest.kt':[
18,
19,
26,
29,
],
}
