{
'kotlin-corda-project:sources/kotlin/corda/client/jackson/src/main/kotlin/net/corda/client/jackson/JacksonSupport.kt':[
239,
],
'kotlin-corda-project:sources/kotlin/corda/client/jfx/src/integration-test/kotlin/net/corda/client/jfx/NodeMonitorModelTest.kt':[
56,
140,
],
'kotlin-corda-project:sources/kotlin/corda/client/jfx/src/main/kotlin/net/corda/client/jfx/utils/AssociatedList.kt':[
26,
],
'kotlin-corda-project:sources/kotlin/corda/client/jfx/src/main/kotlin/net/corda/client/jfx/utils/ConcatenatedList.kt':[
65,
],
'kotlin-corda-project:sources/kotlin/corda/client/jfx/src/main/kotlin/net/corda/client/jfx/utils/MapValuesList.kt':[
31,
],
'kotlin-corda-project:sources/kotlin/corda/client/rpc/src/integration-test/kotlin/net/corda/client/rpc/CordaRPCClientTest.kt':[
92,
],
'kotlin-corda-project:sources/kotlin/corda/client/rpc/src/integration-test/kotlin/net/corda/client/rpc/RPCStabilityTests.kt':[
290,
371,
443,
498,
535,
576,
],
'kotlin-corda-project:sources/kotlin/corda/client/rpc/src/main/kotlin/net/corda/client/rpc/internal/RPCClient.kt':[
104,
],
'kotlin-corda-project:sources/kotlin/corda/client/rpc/src/test/kotlin/net/corda/client/rpc/ClientRPCInfrastructureTests.kt':[
103,
],
'kotlin-corda-project:sources/kotlin/corda/client/rpc/src/test/kotlin/net/corda/client/rpc/RPCPerformanceTests.kt':[
85,
86,
],
'kotlin-corda-project:sources/kotlin/corda/core/src/test/kotlin/net/corda/core/crypto/CompositeKeyTests.kt':[
226,
],
'kotlin-corda-project:sources/kotlin/corda/core/src/test/kotlin/net/corda/core/flows/ContractUpgradeFlowTest.kt':[
128,
],
'kotlin-corda-project:sources/kotlin/corda/core/src/test/kotlin/net/corda/core/internal/ToggleFieldTest.kt':[
146,
],
'kotlin-corda-project:sources/kotlin/corda/docs/source/example-code/src/integration-test/kotlin/net/corda/docs/IntegrationTestingTutorial.kt':[
29,
],
'kotlin-corda-project:sources/kotlin/corda/docs/source/example-code/src/main/kotlin/net/corda/docs/ClientRpcTutorial.kt':[
53,
],
'kotlin-corda-project:sources/kotlin/corda/docs/source/example-code/src/test/kotlin/net/corda/docs/tutorial/testdsl/TutorialTestDSL.kt':[
236,
278,
],
'kotlin-corda-project:sources/kotlin/corda/experimental/avalanche/src/main/kotlin/net/corda/avalanche/Main.kt':[
133,
],
'kotlin-corda-project:sources/kotlin/corda/experimental/behave/src/main/kotlin/net/corda/behave/process/Command.kt':[
51,
],
'kotlin-corda-project:sources/kotlin/corda/experimental/corda-utils/src/test/kotlin/io/cryptoblk/core/StatusTransitionsTest.kt':[
107,
246,
],
'kotlin-corda-project:sources/kotlin/corda/experimental/quasar-hook/src/main/kotlin/net/corda/quasarhook/QuasarInstrumentationHook.kt':[
108,
],
'kotlin-corda-project:sources/kotlin/corda/experimental/src/test/kotlin/net/corda/finance/contracts/universal/Cap.kt':[
67,
68,
69,
207,
279,
],
'kotlin-corda-project:sources/kotlin/corda/experimental/src/test/kotlin/net/corda/finance/contracts/universal/Caplet.kt':[
87,
],
'kotlin-corda-project:sources/kotlin/corda/experimental/src/test/kotlin/net/corda/finance/contracts/universal/FXFwdTimeOption.kt':[
72,
101,
],
'kotlin-corda-project:sources/kotlin/corda/experimental/src/test/kotlin/net/corda/finance/contracts/universal/IRS.kt':[
55,
56,
57,
150,
],
'kotlin-corda-project:sources/kotlin/corda/experimental/src/test/kotlin/net/corda/finance/contracts/universal/Swaption.kt':[
23,
25,
],
'kotlin-corda-project:sources/kotlin/corda/finance/src/main/kotlin/net/corda/finance/contracts/asset/cash/selection/AbstractCashSelection.kt':[
129,
],
'kotlin-corda-project:sources/kotlin/corda/finance/src/main/kotlin/net/corda/finance/contracts/asset/cash/selection/CashSelectionPostgreSQLImpl.kt':[
58,
],
'kotlin-corda-project:sources/kotlin/corda/finance/src/test/kotlin/net/corda/finance/contracts/CommercialPaperTests.kt':[
117,
148,
],
'kotlin-corda-project:sources/kotlin/corda/finance/src/test/kotlin/net/corda/finance/contracts/asset/CashTests.kt':[
128,
294,
788,
],
'kotlin-corda-project:sources/kotlin/corda/finance/src/test/kotlin/net/corda/finance/contracts/asset/ObligationTests.kt':[
112,
],
'kotlin-corda-project:sources/kotlin/corda/finance/src/test/kotlin/net/corda/finance/flows/CashPaymentFlowTests.kt':[
51,
],
'kotlin-corda-project:sources/kotlin/corda/node/src/integration-test/kotlin/net/corda/node/NodeKeystoreCheckTest.kt':[
30,
],
'kotlin-corda-project:sources/kotlin/corda/node/src/integration-test/kotlin/net/corda/node/NodePerformanceTests.kt':[
51,
],
'kotlin-corda-project:sources/kotlin/corda/node/src/integration-test/kotlin/net/corda/node/amqp/CertificateRevocationListNodeTests.kt':[
100,
],
'kotlin-corda-project:sources/kotlin/corda/node/src/integration-test/kotlin/net/corda/node/amqp/ProtonWrapperTests.kt':[
55,
313,
],
'kotlin-corda-project:sources/kotlin/corda/node/src/integration-test/kotlin/net/corda/node/modes/draining/P2PFlowsDrainingModeTest.kt':[
56,
],
'kotlin-corda-project:sources/kotlin/corda/node/src/integration-test/kotlin/net/corda/node/services/BFTNotaryServiceTests.kt':[
123,
],
'kotlin-corda-project:sources/kotlin/corda/node/src/integration-test/kotlin/net/corda/node/services/distributed/DistributedServiceTests.kt':[
85,
],
'kotlin-corda-project:sources/kotlin/corda/node/src/integration-test/kotlin/net/corda/node/services/events/ScheduledFlowIntegrationTests.kt':[
92,
],
'kotlin-corda-project:sources/kotlin/corda/node/src/integration-test/kotlin/net/corda/node/services/network/NetworkMapTest.kt':[
95,
],
'kotlin-corda-project:sources/kotlin/corda/node/src/integration-test/kotlin/net/corda/services/messaging/P2PMessagingTest.kt':[
75,
],
'kotlin-corda-project:sources/kotlin/corda/node/src/main/kotlin/net/corda/node/internal/AbstractNode.kt':[
251,
],
'kotlin-corda-project:sources/kotlin/corda/node/src/main/kotlin/net/corda/node/internal/NodeStartup.kt':[
323,
],
'kotlin-corda-project:sources/kotlin/corda/node/src/main/kotlin/net/corda/node/serialization/kryo/DefaultKryoCustomizer.kt':[
63,
],
'kotlin-corda-project:sources/kotlin/corda/node/src/main/kotlin/net/corda/node/serialization/kryo/KryoSerializationScheme.kt':[
45,
89,
],
'kotlin-corda-project:sources/kotlin/corda/node/src/main/kotlin/net/corda/node/services/events/NodeSchedulerService.kt':[
307,
],
'kotlin-corda-project:sources/kotlin/corda/node/src/main/kotlin/net/corda/node/services/identity/PersistentIdentityService.kt':[
130,
],
'kotlin-corda-project:sources/kotlin/corda/node/src/main/kotlin/net/corda/node/services/messaging/P2PMessagingClient.kt':[
189,
],
'kotlin-corda-project:sources/kotlin/corda/node/src/main/kotlin/net/corda/node/services/network/NodeInfoWatcher.kt':[
92,
],
'kotlin-corda-project:sources/kotlin/corda/node/src/main/kotlin/net/corda/node/services/statemachine/SingleThreadedStateMachineManager.kt':[
654,
],
'kotlin-corda-project:sources/kotlin/corda/node/src/main/kotlin/net/corda/node/services/statemachine/transitions/ErrorFlowTransition.kt':[
40,
],
'kotlin-corda-project:sources/kotlin/corda/node/src/main/kotlin/net/corda/node/services/statemachine/transitions/TopLevelTransition.kt':[
152,
],
'kotlin-corda-project:sources/kotlin/corda/node/src/main/kotlin/net/corda/node/services/transactions/RaftTransactionCommitLog.kt':[
76,
78,
],
'kotlin-corda-project:sources/kotlin/corda/node/src/main/kotlin/net/corda/node/services/vault/HibernateQueryCriteriaParser.kt':[
494,
],
'kotlin-corda-project:sources/kotlin/corda/node/src/main/kotlin/net/corda/node/services/vault/NodeVaultService.kt':[
412,
],
'kotlin-corda-project:sources/kotlin/corda/node/src/test/kotlin/net/corda/node/CordaRPCOpsImplTest.kt':[
109,
164,
],
'kotlin-corda-project:sources/kotlin/corda/node/src/test/kotlin/net/corda/node/messaging/TwoPartyTradeFlowTests.kt':[
112,
164,
222,
342,
398,
446,
],
'kotlin-corda-project:sources/kotlin/corda/node/src/test/kotlin/net/corda/node/services/vault/NodeVaultServiceTest.kt':[
466,
],
'kotlin-corda-project:sources/kotlin/corda/node/src/test/kotlin/net/corda/node/services/vault/VaultQueryTests.kt':[
554,
768,
806,
913,
973,
1701,
1738,
2172,
],
'kotlin-corda-project:sources/kotlin/corda/node/src/test/kotlin/net/corda/node/services/vault/VaultWithCashTest.kt':[
178,
179,
209,
210,
],
'kotlin-corda-project:sources/kotlin/corda/samples/attachment-demo/src/integration-test/kotlin/net/corda/attachmentdemo/AttachmentDemoTest.kt':[
22,
],
'kotlin-corda-project:sources/kotlin/corda/samples/bank-of-corda-demo/src/integration-test/kotlin/net/corda/bank/BankOfCordaRPCClientTest.kt':[
32,
],
'kotlin-corda-project:sources/kotlin/corda/samples/irs-demo/cordapp/src/test/kotlin/net/corda/irs/contract/IRSTests.kt':[
419,
617,
687,
715,
],
'kotlin-corda-project:sources/kotlin/corda/samples/irs-demo/src/integration-test/kotlin/net/corda/irs/IRSDemoTest.kt':[
58,
],
'kotlin-corda-project:sources/kotlin/corda/samples/network-visualiser/src/main/kotlin/net/corda/netmap/NetworkMapVisualiser.kt':[
79,
173,
216,
],
'kotlin-corda-project:sources/kotlin/corda/samples/network-visualiser/src/main/kotlin/net/corda/netmap/simulation/IRSSimulation.kt':[
50,
54,
],
'kotlin-corda-project:sources/kotlin/corda/samples/trader-demo/src/integration-test/kotlin/net/corda/traderdemo/TraderDemoTest.kt':[
35,
],
'kotlin-corda-project:sources/kotlin/corda/serialization/src/main/kotlin/net/corda/serialization/internal/amqp/AMQPSerializationScheme.kt':[
71,
],
'kotlin-corda-project:sources/kotlin/corda/serialization/src/main/kotlin/net/corda/serialization/internal/amqp/SerializationHelper.kt':[
158,
162,
173,
240,
241,
295,
298,
],
'kotlin-corda-project:sources/kotlin/corda/serialization/src/main/kotlin/net/corda/serialization/internal/amqp/SerializerFactory.kt':[
318,
],
'kotlin-corda-project:sources/kotlin/corda/serialization/src/main/kotlin/net/corda/serialization/internal/amqp/TransformsSchema.kt':[
203,
],
'kotlin-corda-project:sources/kotlin/corda/serialization/src/main/kotlin/net/corda/serialization/internal/carpenter/ClassCarpenter.kt':[
183,
367,
],
'kotlin-corda-project:sources/kotlin/corda/serialization/src/test/kotlin/net/corda/serialization/internal/AttachmentsClassLoaderTests.kt':[
303,
304,
],
'kotlin-corda-project:sources/kotlin/corda/testing/node-driver/src/integration-test/kotlin/net/corda/testing/node/FlowStackSnapshotTest.kt':[
306,
309,
],
'kotlin-corda-project:sources/kotlin/corda/testing/node-driver/src/main/kotlin/net/corda/testing/node/internal/DriverDSLImpl.kt':[
443,
444,
],
'kotlin-corda-project:sources/kotlin/corda/testing/node-driver/src/main/kotlin/net/corda/testing/node/internal/performance/Injectors.kt':[
25,
70,
],
'kotlin-corda-project:sources/kotlin/corda/testing/test-utils/src/main/kotlin/net/corda/testing/core/Expect.kt':[
158,
],
'kotlin-corda-project:sources/kotlin/corda/tools/demobench/src/main/kotlin/net/corda/demobench/profile/ProfileController.kt':[
95,
],
'kotlin-corda-project:sources/kotlin/corda/tools/demobench/src/main/kotlin/net/corda/demobench/views/NodeTabView.kt':[
70,
74,
82,
86,
90,
115,
145,
230,
],
'kotlin-corda-project:sources/kotlin/corda/tools/demobench/src/main/kotlin/net/corda/demobench/views/NodeTerminalView.kt':[
150,
],
'kotlin-corda-project:sources/kotlin/corda/tools/explorer/src/main/kotlin/net/corda/explorer/views/LoginView.kt':[
35,
],
'kotlin-corda-project:sources/kotlin/corda/tools/explorer/src/main/kotlin/net/corda/explorer/views/MainView.kt':[
56,
61,
],
'kotlin-corda-project:sources/kotlin/corda/tools/explorer/src/main/kotlin/net/corda/explorer/views/TransactionViewer.kt':[
105,
148,
278,
279,
],
'kotlin-corda-project:sources/kotlin/corda/tools/explorer/src/main/kotlin/net/corda/explorer/views/cordapps/cash/CashViewer.kt':[
172,
314,
],
'kotlin-corda-project:sources/kotlin/corda/tools/explorer/src/main/kotlin/net/corda/explorer/views/cordapps/cash/NewTransaction.kt':[
90,
],
'kotlin-corda-project:sources/kotlin/corda/tools/loadtest/src/main/kotlin/net/corda/loadtest/ConnectionManager.kt':[
30,
],
'kotlin-corda-project:sources/kotlin/corda/tools/loadtest/src/main/kotlin/net/corda/loadtest/Disruption.kt':[
78,
],
'kotlin-corda-project:sources/kotlin/corda/tools/loadtest/src/main/kotlin/net/corda/loadtest/LoadTest.kt':[
86,
88,
173,
],
'kotlin-corda-project:sources/kotlin/corda/tools/loadtest/src/main/kotlin/net/corda/loadtest/tests/CrossCashTest.kt':[
124,
151,
229,
248,
],
'kotlin-corda-project:sources/kotlin/corda/tools/loadtest/src/main/kotlin/net/corda/loadtest/tests/SelfIssueTest.kt':[
71,
],
'kotlin-corda-project:sources/kotlin/corda/tools/shell/src/integration-test/kotlin/net/corda/tools/shell/InteractiveShellIntegrationTest.kt':[
145,
196,
197,
],
'kotlin-corda-project:sources/kotlin/corda/tools/shell/src/main/kotlin/net/corda/tools/shell/utlities/ANSIProgressRenderer.kt':[
146,
],
'kotlin-corda-project:sources/kotlin/corda/webserver/src/main/kotlin/net/corda/webserver/internal/NodeWebServer.kt':[
105,
],
'kotlin-corda-project:sources/kotlin/corda/webserver/src/main/kotlin/net/corda/webserver/servlets/CorDappInfoServlet.kt':[
22,
26,
31,
],
}
