{
"kotlin-corda-project:sources/kotlin/corda/core/src/test/kotlin/net/corda/core/identity/PartyAndCertificateTest.kt": [
48
],
"kotlin-corda-project:sources/kotlin/corda/experimental/behave/src/main/kotlin/net/corda/behave/node/configuration/Configuration.kt": [
57
],
"kotlin-corda-project:sources/kotlin/corda/node-api/src/main/kotlin/net/corda/nodeapi/internal/DevIdentityGenerator.kt": [
36
],
"kotlin-corda-project:sources/kotlin/corda/node-api/src/test/kotlin/net/corda/nodeapi/internal/crypto/X509UtilitiesTest.kt": [
184,
185,
220,
221
],
"kotlin-corda-project:sources/kotlin/corda/node/src/integration-test/kotlin/net/corda/node/amqp/ProtonWrapperTests.kt": [
111,
112
],
"kotlin-corda-project:sources/kotlin/corda/node/src/integration-test/kotlin/net/corda/node/services/network/NetworkMapTest.kt": [
251,
252
],
"kotlin-corda-project:sources/kotlin/corda/node/src/test/kotlin/net/corda/node/services/config/NodeConfigurationImplTest.kt": [
213,
214
],
"kotlin-corda-project:sources/kotlin/corda/samples/irs-demo/web/src/test/kotlin/net/corda/irs/web/IrsDemoWebApplicationTests.kt": [
11
],
"kotlin-corda-project:sources/kotlin/corda/testing/test-utils/src/main/kotlin/net/corda/testing/internal/InternalTestUtils.kt": [
133,
134
]
}
