{
"kotlin-android-architecture-components-project:sources/kotlin/android-architecture-components/GithubBrowserSample/app/src/androidTest/java/com/android/example/github/db/RepoDaoTest.kt": [
50
],
"kotlin-android-architecture-components-project:sources/kotlin/android-architecture-components/GithubBrowserSample/app/src/androidTest/java/com/android/example/github/util/AutoClearedValueTest.kt": [
56
]
}
