{
"kotlin-android-architecture-components-project:sources/kotlin/android-architecture-components/PagingWithNetworkSample/app/src/main/java/com/android/example/paging/pagingwithnetwork/reddit/vo/RedditPost.kt": [
41
]
}
