{
"kotlin-android-architecture-components-project:sources/kotlin/android-architecture-components/GithubBrowserSample/app/src/main/java/com/android/example/github/di/FragmentBuildersModule.kt": [
28
],
"kotlin-android-architecture-components-project:sources/kotlin/android-architecture-components/GithubBrowserSample/app/src/main/java/com/android/example/github/di/MainActivityModule.kt": [
26
],
"kotlin-android-architecture-components-project:sources/kotlin/android-architecture-components/GithubBrowserSample/app/src/main/java/com/android/example/github/di/ViewModelModule.kt": [
33
]
}
