{
"kotlin-intellij-rust-project:sources/kotlin/intellij-rust/src/main/kotlin/org/rust/cargo/project/toolwindow/CargoProjectStructureTree.kt": [
45
],
"kotlin-intellij-rust-project:sources/kotlin/intellij-rust/src/main/kotlin/org/rust/ide/annotator/RsSyntaxErrorsAnnotator.kt": [
158
],
"kotlin-intellij-rust-project:sources/kotlin/intellij-rust/src/main/kotlin/org/rust/ide/annotator/fixes/AddMutableFix.kt": [
44
],
"kotlin-intellij-rust-project:sources/kotlin/intellij-rust/src/main/kotlin/org/rust/ide/annotator/fixes/AddStructFieldsFix.kt": [
147,
152
],
"kotlin-intellij-rust-project:sources/kotlin/intellij-rust/src/main/kotlin/org/rust/ide/formatter/settings/RsLanguageCodeStyleSettingsProvider.kt": [
44
],
"kotlin-intellij-rust-project:sources/kotlin/intellij-rust/src/main/kotlin/org/rust/ide/utils/ExprUtils.kt": [
103,
165
],
"kotlin-intellij-rust-project:sources/kotlin/intellij-rust/src/main/kotlin/org/rust/lang/core/psi/ext/RsArrayType.kt": [
38
],
"kotlin-intellij-rust-project:sources/kotlin/intellij-rust/src/main/kotlin/org/rust/lang/core/resolve/ImplLookup.kt": [
340
],
"kotlin-intellij-rust-project:sources/kotlin/intellij-rust/src/main/kotlin/org/rust/lang/core/resolve/NameResolution.kt": [
616
],
"kotlin-intellij-rust-project:sources/kotlin/intellij-rust/src/main/kotlin/org/rust/lang/core/types/infer/Declarations.kt": [
21
],
"kotlin-intellij-rust-project:sources/kotlin/intellij-rust/src/main/kotlin/org/rust/lang/core/types/infer/Fulfillment.kt": [
186
],
"kotlin-intellij-rust-project:sources/kotlin/intellij-rust/src/main/kotlin/org/rust/lang/core/types/infer/TypeInference.kt": [
267,
458,
809,
1511
]
}
