{
"kotlin-intellij-rust-project:sources/kotlin/intellij-rust/src/main/kotlin/org/rust/cargo/project/configurable/RustProjectConfigurable.kt": [
54
]
}
