{
"kotlin-intellij-rust-project:sources/kotlin/intellij-rust/src/test/kotlin/org/rust/lang/core/lexer/RsEscapesLexingTestCase.kt": [
41
],
"kotlin-intellij-rust-project:sources/kotlin/intellij-rust/src/test/kotlin/org/rust/lang/core/psi/RsNumericLiteralValueTest.kt": [
58
]
}
