{
"kotlin-intellij-rust-project:sources/kotlin/intellij-rust/src/main/kotlin/org/rust/ide/structure/RsStructureViewModel.kt": [
30
],
"kotlin-intellij-rust-project:sources/kotlin/intellij-rust/src/main/kotlin/org/rust/lang/core/resolve/ref/RsReferenceBase.kt": [
26
]
}
