{
"kotlin-intellij-rust-project:sources/kotlin/intellij-rust/debugger/src/main/kotlin/org/rust/debugger/runconfig/RsDebugRunner.kt": [
190
],
"kotlin-intellij-rust-project:sources/kotlin/intellij-rust/src/main/kotlin/org/rust/ide/annotator/RsHighlightingAnnotator.kt": [
53
],
"kotlin-intellij-rust-project:sources/kotlin/intellij-rust/src/main/kotlin/org/rust/ide/formatter/impl/spacing.kt": [
43
],
"kotlin-intellij-rust-project:sources/kotlin/intellij-rust/src/main/kotlin/org/rust/ide/formatter/settings/RsLanguageCodeStyleSettingsProvider.kt": [
100
],
"kotlin-intellij-rust-project:sources/kotlin/intellij-rust/src/main/kotlin/org/rust/ide/typing/RsQuoteHandler.kt": [
27,
39
],
"kotlin-intellij-rust-project:sources/kotlin/intellij-rust/src/main/kotlin/org/rust/ide/utils/SearchByOffset.kt": [
56,
57
],
"kotlin-intellij-rust-project:sources/kotlin/intellij-rust/src/main/kotlin/org/rust/lang/core/RsPsiPattern.kt": [
71
],
"kotlin-intellij-rust-project:sources/kotlin/intellij-rust/src/main/kotlin/org/rust/lang/core/lexer/RustEscapesLexer.kt": [
108
],
"kotlin-intellij-rust-project:sources/kotlin/intellij-rust/src/main/kotlin/org/rust/lang/refactoring/extractFunction/RsExtractFunctionHandlerAction.kt": [
40
],
"kotlin-intellij-rust-project:sources/kotlin/intellij-rust/src/test/kotlin/org/rust/ide/commenter/RsCommenterTest.kt": [
32
],
"kotlin-intellij-rust-project:sources/kotlin/intellij-rust/src/test/kotlin/org/rust/ide/formatter/RsAutoIndentTest.kt": [
224
],
"kotlin-intellij-rust-project:sources/kotlin/intellij-rust/src/test/kotlin/org/rust/ide/formatter/RsFormatterTest.kt": [
114
],
"kotlin-intellij-rust-project:sources/kotlin/intellij-rust/src/test/kotlin/org/rust/ide/intentions/AddDeriveIntentionTest.kt": [
24
],
"kotlin-intellij-rust-project:sources/kotlin/intellij-rust/src/test/kotlin/org/rust/ide/surroundWith/statement/RsWithBlockSurrounderTest.kt": [
162
],
"kotlin-intellij-rust-project:sources/kotlin/intellij-rust/src/test/kotlin/org/rust/ide/typing/RsEnterInStringLiteralHandlerTest.kt": [
213
],
"kotlin-intellij-rust-project:sources/kotlin/intellij-rust/src/test/kotlin/org/rust/lang/core/resolve/RsTypeAwareGenericResolveTest.kt": [
354
]
}
