{
"kotlin-intellij-rust-project:sources/kotlin/intellij-rust/src/main/kotlin/org/rust/ide/inspections/RsLocalInspectionTool.kt": [
10
],
"kotlin-intellij-rust-project:sources/kotlin/intellij-rust/src/main/kotlin/org/rust/lang/core/types/ty/TyPrimitive.kt": [
49
]
}
