{
"kotlin-intellij-rust-project:sources/kotlin/intellij-rust/intellij-toml/src/test/kotlin/org/toml/ide/TomlAnnotatorTest.kt": [
11
],
"kotlin-intellij-rust-project:sources/kotlin/intellij-rust/src/test/kotlin/org/rust/cargo/commands/CargoFmtTest.kt": [
14
],
"kotlin-intellij-rust-project:sources/kotlin/intellij-rust/src/test/kotlin/org/rust/cargo/project/RustProjectSettingsServiceTest.kt": [
20
],
"kotlin-intellij-rust-project:sources/kotlin/intellij-rust/src/test/kotlin/org/rust/cargo/project/model/CargoProjectsServiceTest.kt": [
16
],
"kotlin-intellij-rust-project:sources/kotlin/intellij-rust/src/test/kotlin/org/rust/cargo/project/model/impl/CargoTomlWatcherIntegrationTest.kt": [
17
],
"kotlin-intellij-rust-project:sources/kotlin/intellij-rust/src/test/kotlin/org/rust/cargo/project/model/impl/CargoTomlWatcherTest.kt": [
19,
33,
41,
77
],
"kotlin-intellij-rust-project:sources/kotlin/intellij-rust/src/test/kotlin/org/rust/cargo/runconfig/RunConfigurationTestCase.kt": [
22
],
"kotlin-intellij-rust-project:sources/kotlin/intellij-rust/src/test/kotlin/org/rust/cargo/runconfig/filters/RsBacktraceFilterTest.kt": [
21,
26,
35,
40,
45,
50,
55,
60,
63,
66
],
"kotlin-intellij-rust-project:sources/kotlin/intellij-rust/src/test/kotlin/org/rust/cargo/runconfig/filters/RsConsoleFilterTest.kt": [
12,
17,
24,
30,
36
],
"kotlin-intellij-rust-project:sources/kotlin/intellij-rust/src/test/kotlin/org/rust/cargo/runconfig/filters/RsExplainFilterTest.kt": [
14,
19,
24,
29,
34
],
"kotlin-intellij-rust-project:sources/kotlin/intellij-rust/src/test/kotlin/org/rust/cargo/runconfig/filters/RsPanicFilterTest.kt": [
15,
20,
25
],
"kotlin-intellij-rust-project:sources/kotlin/intellij-rust/src/test/kotlin/org/rust/cargo/runconfig/producers/RunConfigurationProducerTest.kt": [
40,
47,
54,
61,
74,
81,
93,
100,
120,
135,
142,
155,
169,
176,
188,
200,
207,
219
],
"kotlin-intellij-rust-project:sources/kotlin/intellij-rust/src/test/kotlin/org/rust/cargo/runconfig/test/CargoTestRunLineMarkerContributorTest.kt": [
14,
21,
30,
40
],
"kotlin-intellij-rust-project:sources/kotlin/intellij-rust/src/test/kotlin/org/rust/cargo/toolchain/CargoCommandLineTest.kt": [
14,
22,
30,
38,
46,
54
],
"kotlin-intellij-rust-project:sources/kotlin/intellij-rust/src/test/kotlin/org/rust/cargo/toolchain/CargoTest.kt": [
16,
25,
34,
54,
63,
72
],
"kotlin-intellij-rust-project:sources/kotlin/intellij-rust/src/test/kotlin/org/rust/cargo/util/CargoCommandCompletionProviderTest.kt": [
19,
33,
38,
43,
48,
60,
65,
70,
75,
80
],
"kotlin-intellij-rust-project:sources/kotlin/intellij-rust/src/test/kotlin/org/rust/ide/actions/RsJoinLinesHandlerTest.kt": [
9,
11,
12,
14,
25,
36,
47,
58,
69,
80,
91,
100,
107,
114,
130,
145,
158,
175,
182,
189,
196,
207,
218,
225,
232
],
"kotlin-intellij-rust-project:sources/kotlin/intellij-rust/src/test/kotlin/org/rust/ide/actions/RsJoinRawLinesHandlerTest.kt": [
9,
21,
43,
61,
75,
90,
106
],
"kotlin-intellij-rust-project:sources/kotlin/intellij-rust/src/test/kotlin/org/rust/ide/actions/RsMoveLeftRightHandlerTest.kt": [
14,
24,
30,
40,
46,
52,
58,
64,
70,
80,
90,
100,
110,
120,
126,
132,
140,
148,
154,
168,
178,
184
],
"kotlin-intellij-rust-project:sources/kotlin/intellij-rust/src/test/kotlin/org/rust/ide/actions/mover/RsCommaListElementUpDownMoverTest.kt": [
9,
21,
33,
45,
61,
70,
86,
102,
118,
129,
138,
150,
162
],
"kotlin-intellij-rust-project:sources/kotlin/intellij-rust/src/test/kotlin/org/rust/ide/actions/mover/RsItemUpDownMoverTest.kt": [
11,
17,
27,
41,
51,
65,
76,
101,
109,
121,
129,
141,
155,
169,
183,
195,
203,
211,
223,
231,
243,
253
],
"kotlin-intellij-rust-project:sources/kotlin/intellij-rust/src/test/kotlin/org/rust/ide/actions/mover/RsMatchArmUpDownMoverTest.kt": [
9,
25,
49,
64,
84
],
"kotlin-intellij-rust-project:sources/kotlin/intellij-rust/src/test/kotlin/org/rust/ide/annotator/RsCrateDocLineMarkerProviderTest.kt": [
19,
24,
28
],
"kotlin-intellij-rust-project:sources/kotlin/intellij-rust/src/test/kotlin/org/rust/ide/annotator/RsErrorAnnotatorTest.kt": [
11,
13,
18,
23,
37,
50,
59,
70,
80,
90,
102,
122,
138,
155,
171,
189,
201,
215,
232,
250,
266,
285,
304,
324,
344,
357,
367,
377,
391,
415,
430,
435,
449,
463,
473,
483,
500,
520,
530,
543,
561,
581,
598,
621,
632,
646,
656,
664,
671,
680,
713,
723,
727,
737,
746,
755,
777,
791,
810,
826,
845,
857,
871,
884,
900,
916,
927,
946,
966,
974,
982,
990,
998,
1006,
1014,
1025,
1036,
1045,
1055,
1066,
1078,
1091,
1105,
1110,
1115,
1121
],
"kotlin-intellij-rust-project:sources/kotlin/intellij-rust/src/test/kotlin/org/rust/ide/annotator/RsExpressionAnnotatorTest.kt": [
10,
46,
107,
116,
129,
144,
152,
164,
176,
181,
188,
195
],
"kotlin-intellij-rust-project:sources/kotlin/intellij-rust/src/test/kotlin/org/rust/ide/annotator/RsHighlightingAnnotatorTest.kt": [
10,
17,
26,
43,
57,
67,
75,
85,
91,
98,
108,
118
],
"kotlin-intellij-rust-project:sources/kotlin/intellij-rust/src/test/kotlin/org/rust/ide/annotator/RsHighlightingMutableAnnotatorTest.kt": [
10,
19,
28
],
"kotlin-intellij-rust-project:sources/kotlin/intellij-rust/src/test/kotlin/org/rust/ide/annotator/RsLiteralAnnotatorTest.kt": [
9,
19,
30
],
"kotlin-intellij-rust-project:sources/kotlin/intellij-rust/src/test/kotlin/org/rust/ide/annotator/RsStdlibErrorAnnotatorTest.kt": [
18,
27
],
"kotlin-intellij-rust-project:sources/kotlin/intellij-rust/src/test/kotlin/org/rust/ide/annotator/RsSyntaxErrorsAnnotatorTest.kt": [
9,
16,
33,
50,
66,
82,
98,
102,
113,
126,
146,
158,
169,
181,
193,
209,
216,
226,
233,
241
],
"kotlin-intellij-rust-project:sources/kotlin/intellij-rust/src/test/kotlin/org/rust/ide/annotator/fixes/AddAsTyFixTest.kt": [
12,
22,
32,
44
],
"kotlin-intellij-rust-project:sources/kotlin/intellij-rust/src/test/kotlin/org/rust/ide/annotator/fixes/AddSelfTest.kt": [
11,
29
],
"kotlin-intellij-rust-project:sources/kotlin/intellij-rust/src/test/kotlin/org/rust/ide/annotator/fixes/AddStructFieldsFixTest.kt": [
15,
29,
43,
57,
79,
93,
107,
121,
150,
240,
288
],
"kotlin-intellij-rust-project:sources/kotlin/intellij-rust/src/test/kotlin/org/rust/ide/annotator/fixes/AddTurbofishFixTest.kt": [
14,
20,
22,
26,
31,
46,
68,
71,
76
],
"kotlin-intellij-rust-project:sources/kotlin/intellij-rust/src/test/kotlin/org/rust/ide/annotator/fixes/AddUnsafeTest.kt": [
11,
25,
49,
67,
81,
95,
109
],
"kotlin-intellij-rust-project:sources/kotlin/intellij-rust/src/test/kotlin/org/rust/ide/annotator/fixes/ConvertToOwnedTyFixTest.kt": [
14,
48,
67
],
"kotlin-intellij-rust-project:sources/kotlin/intellij-rust/src/test/kotlin/org/rust/ide/annotator/fixes/ConvertToSizedTypeFixTest.kt": [
12,
18,
24,
32
],
"kotlin-intellij-rust-project:sources/kotlin/intellij-rust/src/test/kotlin/org/rust/ide/annotator/fixes/ConvertToStrFixTest.kt": [
14,
24
],
"kotlin-intellij-rust-project:sources/kotlin/intellij-rust/src/test/kotlin/org/rust/ide/annotator/fixes/ConvertToStringFixTest.kt": [
14,
24,
34,
44
],
"kotlin-intellij-rust-project:sources/kotlin/intellij-rust/src/test/kotlin/org/rust/ide/annotator/fixes/ConvertToTyUsingFromStrFixTest.kt": [
15,
16,
17,
18,
20,
46,
74,
104,
130,
154,
168
],
"kotlin-intellij-rust-project:sources/kotlin/intellij-rust/src/test/kotlin/org/rust/ide/annotator/fixes/ConvertToTyUsingFromTraitFixTest.kt": [
14,
34,
47,
57
],
"kotlin-intellij-rust-project:sources/kotlin/intellij-rust/src/test/kotlin/org/rust/ide/annotator/fixes/ConvertToTyUsingTraitFixTestBase.kt": [
19,
43,
57
],
"kotlin-intellij-rust-project:sources/kotlin/intellij-rust/src/test/kotlin/org/rust/ide/annotator/fixes/ConvertToTyUsingTryFromTraitFixTest.kt": [
15,
43,
73,
105,
139,
167,
195,
211,
224
],
"kotlin-intellij-rust-project:sources/kotlin/intellij-rust/src/test/kotlin/org/rust/ide/annotator/fixes/ConvertToTyWithDerefsRefsFixTest.kt": [
13,
25,
37,
49,
61,
73,
80,
92,
99,
106,
113,
125,
138
],
"kotlin-intellij-rust-project:sources/kotlin/intellij-rust/src/test/kotlin/org/rust/ide/commenter/RsCommenterTest.kt": [
21,
22,
23,
24,
26,
27,
28,
29,
31,
32,
33
],
"kotlin-intellij-rust-project:sources/kotlin/intellij-rust/src/test/kotlin/org/rust/ide/docs/RsQuickDocumentationTest.kt": [
14,
41,
49,
57,
65,
75,
85,
93,
101,
109,
117,
130,
140,
153,
166,
179,
192,
217,
225,
233,
241,
249,
259,
269,
279,
289,
305,
314,
323,
332,
341,
350,
358,
366,
374,
382,
397,
412,
427,
439,
451,
464,
476,
488,
500,
515,
527,
539,
552,
567,
582,
597,
610,
627,
658,
672,
691,
750,
757,
767,
782,
794,
803,
814,
831,
838,
847,
857,
864,
873,
883,
893,
901,
913,
938,
946,
954
],
"kotlin-intellij-rust-project:sources/kotlin/intellij-rust/src/test/kotlin/org/rust/ide/docs/RsQuickNavigationInfoTest.kt": [
13,
31,
45,
60,
76,
89,
102,
113,
124,
136,
156,
186,
201,
216,
231,
241,
251,
259,
267,
276,
284,
292,
300,
310,
319,
329,
339,
349,
357,
366,
375,
384,
393,
402,
411,
419,
427,
435,
450,
465,
480,
491,
502,
514,
525,
533,
541,
548,
555,
565,
574,
583,
592,
602,
612,
619,
626,
633,
644,
656,
669,
683,
694,
701
],
"kotlin-intellij-rust-project:sources/kotlin/intellij-rust/src/test/kotlin/org/rust/ide/docs/RsResolveLinkTest.kt": [
15,
22,
30,
40,
48,
58
],
"kotlin-intellij-rust-project:sources/kotlin/intellij-rust/src/test/kotlin/org/rust/ide/docs/RsStdlibResolveLinkTest.kt": [
17,
24
],
"kotlin-intellij-rust-project:sources/kotlin/intellij-rust/src/test/kotlin/org/rust/ide/folding/RsFoldingBuilderTest.kt": [
13,
14,
15,
16,
17,
18,
19,
20,
21,
22,
23,
24,
25,
26,
27,
28,
29,
30,
31,
32
],
"kotlin-intellij-rust-project:sources/kotlin/intellij-rust/src/test/kotlin/org/rust/ide/formatter/RsAutoIndentTest.kt": [
11,
19,
31,
39,
48,
56,
63,
79,
90,
101,
114,
127,
142,
155,
168,
180,
194,
203,
211,
230,
243,
254
],
"kotlin-intellij-rust-project:sources/kotlin/intellij-rust/src/test/kotlin/org/rust/ide/formatter/RsFormatterLineBreaksTest.kt": [
15,
16,
18,
52,
85,
132,
160,
174,
180,
192
],
"kotlin-intellij-rust-project:sources/kotlin/intellij-rust/src/test/kotlin/org/rust/ide/formatter/RsFormatterTest.kt": [
13,
14,
15,
16,
17,
18,
19,
20,
21,
23,
28,
42,
56,
61,
66,
71,
76,
93,
98,
103,
105,
106,
111,
112,
115,
117,
118,
119,
122,
126,
135,
146,
148,
150,
152,
200,
208,
232,
250,
260,
278,
284,
298,
324,
334,
348,
376,
401,
415
],
"kotlin-intellij-rust-project:sources/kotlin/intellij-rust/src/test/kotlin/org/rust/ide/formatter/RsMatchArmCommaFormatProcessorTest.kt": [
10
],
"kotlin-intellij-rust-project:sources/kotlin/intellij-rust/src/test/kotlin/org/rust/ide/formatter/RsSingleImportRemoveBracesFormatProcessorTest.kt": [
10,
12,
15,
18,
21,
24,
27,
30,
33,
35,
37,
41,
45
],
"kotlin-intellij-rust-project:sources/kotlin/intellij-rust/src/test/kotlin/org/rust/ide/formatter/RsStatementSemicolonFormatProcessorTest.kt": [
10,
44,
62,
102,
142
],
"kotlin-intellij-rust-project:sources/kotlin/intellij-rust/src/test/kotlin/org/rust/ide/formatter/RsTrailingCommaFormatProcessorTest.kt": [
9,
61,
77
],
"kotlin-intellij-rust-project:sources/kotlin/intellij-rust/src/test/kotlin/org/rust/ide/highlight/RsHighlightExitPointsHandlerFactoryTest.kt": [
22,
31,
40,
51,
60,
73,
84,
94,
103,
110,
117,
127,
148,
161,
174,
187,
207
],
"kotlin-intellij-rust-project:sources/kotlin/intellij-rust/src/test/kotlin/org/rust/ide/hints/RsInlayParameterHintsProviderTest.kt": [
30,
64,
72,
90,
97,
105,
116,
127,
135,
143,
154,
165,
175,
191,
207,
223,
242,
257
],
"kotlin-intellij-rust-project:sources/kotlin/intellij-rust/src/test/kotlin/org/rust/ide/hints/RsParameterInfoHandlerTest.kt": [
35,
40,
148
],
"kotlin-intellij-rust-project:sources/kotlin/intellij-rust/src/test/kotlin/org/rust/ide/hints/RsQuickDefinitionTest.kt": [
20,
32,
46,
58,
66,
82,
94,
110,
122,
135,
148
],
"kotlin-intellij-rust-project:sources/kotlin/intellij-rust/src/test/kotlin/org/rust/ide/inspections/RsAssertEqualInspectionTest.kt": [
9,
23,
41,
55,
69,
87,
101,
112
],
"kotlin-intellij-rust-project:sources/kotlin/intellij-rust/src/test/kotlin/org/rust/ide/inspections/RsBorrowCheckerInspectionTest.kt": [
10,
21,
32,
44,
53,
63,
73,
83,
98,
108,
118,
128,
137,
149,
157,
165,
173,
182,
200,
218,
229,
241,
250,
270,
292,
308,
316
],
"kotlin-intellij-rust-project:sources/kotlin/intellij-rust/src/test/kotlin/org/rust/ide/inspections/RsExperimentalChecksInspectionTest.kt": [
9
],
"kotlin-intellij-rust-project:sources/kotlin/intellij-rust/src/test/kotlin/org/rust/ide/inspections/RsExtraSemicolonInspectionTest.kt": [
10,
14,
18,
22,
26,
30,
37,
43,
55
],
"kotlin-intellij-rust-project:sources/kotlin/intellij-rust/src/test/kotlin/org/rust/ide/inspections/RsFieldInitShorthandInspectionTest.kt": [
10,
16
],
"kotlin-intellij-rust-project:sources/kotlin/intellij-rust/src/test/kotlin/org/rust/ide/inspections/RsReassignImmutableInspectionTest.kt": [
10,
17,
24,
31,
38,
45,
52,
62,
72,
80,
86,
92,
98,
104,
110,
116,
126,
138,
150,
162,
172
],
"kotlin-intellij-rust-project:sources/kotlin/intellij-rust/src/test/kotlin/org/rust/ide/inspections/RsSelfConventionInspectionTest.kt": [
47,
55,
62
],
"kotlin-intellij-rust-project:sources/kotlin/intellij-rust/src/test/kotlin/org/rust/ide/inspections/RsSimplifyBooleanExpressionInspectionTest.kt": [
9
],
"kotlin-intellij-rust-project:sources/kotlin/intellij-rust/src/test/kotlin/org/rust/ide/inspections/RsSortImplTraitMembersInspectionTest.kt": [
10,
44,
52,
61,
70,
79,
91,
158,
182,
249
],
"kotlin-intellij-rust-project:sources/kotlin/intellij-rust/src/test/kotlin/org/rust/ide/inspections/RsTypeCheckInspectionTest.kt": [
9,
15,
19,
23,
27,
45,
59,
66,
73,
79,
85,
92,
99,
108,
119,
130
],
"kotlin-intellij-rust-project:sources/kotlin/intellij-rust/src/test/kotlin/org/rust/ide/inspections/RsUnresolvedReferenceInspectionTest.kt": [
12,
22,
28,
34,
45
],
"kotlin-intellij-rust-project:sources/kotlin/intellij-rust/src/test/kotlin/org/rust/ide/inspections/RsVariableMutableInspectionTest.kt": [
10,
16,
22,
35,
44,
55,
66,
74,
84,
96,
107,
118,
132,
146
],
"kotlin-intellij-rust-project:sources/kotlin/intellij-rust/src/test/kotlin/org/rust/ide/inspections/RsWrongLifetimeParametersNumberTest.kt": [
10,
25,
36,
49,
58,
64,
73
],
"kotlin-intellij-rust-project:sources/kotlin/intellij-rust/src/test/kotlin/org/rust/ide/inspections/RsWrongTypeParametersNumberInspectionTest.kt": [
10,
32,
36,
43,
66,
74,
88,
114,
133,
143,
157,
167
],
"kotlin-intellij-rust-project:sources/kotlin/intellij-rust/src/test/kotlin/org/rust/ide/inspections/import/AutoImportFixStdTest.kt": [
14,
22,
38,
56,
75,
96,
108,
135,
143,
155,
173,
202,
229,
261,
299,
312
],
"kotlin-intellij-rust-project:sources/kotlin/intellij-rust/src/test/kotlin/org/rust/ide/inspections/import/AutoImportFixTest.kt": [
10,
30,
50,
70,
90,
116,
132,
156,
181,
205,
229,
239,
251,
287,
313,
335,
367,
399,
412,
422,
433,
444,
472,
500,
530,
558,
588,
620,
632,
672,
724,
768,
798,
851,
895,
924,
974,
1010
],
"kotlin-intellij-rust-project:sources/kotlin/intellij-rust/src/test/kotlin/org/rust/ide/intentions/AddCurlyBracesIntentionTest.kt": [
10,
15,
20,
25,
30,
35,
40,
45
],
"kotlin-intellij-rust-project:sources/kotlin/intellij-rust/src/test/kotlin/org/rust/ide/intentions/AddDeriveIntentionTest.kt": [
10,
17,
25,
36
],
"kotlin-intellij-rust-project:sources/kotlin/intellij-rust/src/test/kotlin/org/rust/ide/intentions/AddElseIntentionTest.kt": [
16,
26,
40,
54,
72,
90
],
"kotlin-intellij-rust-project:sources/kotlin/intellij-rust/src/test/kotlin/org/rust/ide/intentions/AddImplIntentionTest.kt": [
9,
21,
29
],
"kotlin-intellij-rust-project:sources/kotlin/intellij-rust/src/test/kotlin/org/rust/ide/intentions/DemorgansLawIntentionTest.kt": [
10,
20,
30,
40,
50,
60,
70,
80,
90,
100,
110,
120
],
"kotlin-intellij-rust-project:sources/kotlin/intellij-rust/src/test/kotlin/org/rust/ide/intentions/ExtractInlineModuleIntentionTest.kt": [
15,
39,
63
],
"kotlin-intellij-rust-project:sources/kotlin/intellij-rust/src/test/kotlin/org/rust/ide/intentions/FillMatchArmsIntentionStdTest.kt": [
14,
27
],
"kotlin-intellij-rust-project:sources/kotlin/intellij-rust/src/test/kotlin/org/rust/ide/intentions/FillMatchArmsIntentionTest.kt": [
10,
33,
56,
79,
105,
128,
154,
167
],
"kotlin-intellij-rust-project:sources/kotlin/intellij-rust/src/test/kotlin/org/rust/ide/intentions/FlipBinaryExpressionIntentionTest.kt": [
14
],
"kotlin-intellij-rust-project:sources/kotlin/intellij-rust/src/test/kotlin/org/rust/ide/intentions/IfLetToMatchIntentionTest.kt": [
9,
23,
40,
57,
78,
99
],
"kotlin-intellij-rust-project:sources/kotlin/intellij-rust/src/test/kotlin/org/rust/ide/intentions/MatchToIfLetIntentionTest.kt": [
9,
25,
41,
57,
92
],
"kotlin-intellij-rust-project:sources/kotlin/intellij-rust/src/test/kotlin/org/rust/ide/intentions/MoveGuardToMatchArmIntentionITest.kt": [
9,
17,
31,
51,
67
],
"kotlin-intellij-rust-project:sources/kotlin/intellij-rust/src/test/kotlin/org/rust/ide/intentions/MoveTypeConstraintToParameterListIntentionTest.kt": [
10,
15,
20,
25,
30,
35,
40,
45,
50,
55,
60,
62
],
"kotlin-intellij-rust-project:sources/kotlin/intellij-rust/src/test/kotlin/org/rust/ide/intentions/MoveTypeConstraintToWhereClauseIntentionTest.kt": [
9,
14,
19,
24,
29,
34,
39,
44,
49,
54,
59,
64,
76,
82,
84
],
"kotlin-intellij-rust-project:sources/kotlin/intellij-rust/src/test/kotlin/org/rust/ide/intentions/RemoveCurlyBracesIntentionTest.kt": [
10,
15,
26
],
"kotlin-intellij-rust-project:sources/kotlin/intellij-rust/src/test/kotlin/org/rust/ide/intentions/RemoveParenthesesFromExprIntentionTest.kt": [
9
],
"kotlin-intellij-rust-project:sources/kotlin/intellij-rust/src/test/kotlin/org/rust/ide/intentions/RsIntentionTestBase.kt": [
16
],
"kotlin-intellij-rust-project:sources/kotlin/intellij-rust/src/test/kotlin/org/rust/ide/intentions/SetImmutableIntentionTest.kt": [
9,
14
],
"kotlin-intellij-rust-project:sources/kotlin/intellij-rust/src/test/kotlin/org/rust/ide/intentions/SetMutableIntentionTest.kt": [
9,
14
],
"kotlin-intellij-rust-project:sources/kotlin/intellij-rust/src/test/kotlin/org/rust/ide/intentions/SimplifyBooleanExpressionIntentionTest.kt": [
12,
22,
32,
42,
52,
62,
72,
82,
92,
102,
112,
122,
132,
142,
152,
162,
172,
178,
184,
190,
196,
206,
216,
226,
236,
246
],
"kotlin-intellij-rust-project:sources/kotlin/intellij-rust/src/test/kotlin/org/rust/ide/intentions/SpecifyTypeExplicitlyIntentionTest.kt": [
9,
14,
19,
23
],
"kotlin-intellij-rust-project:sources/kotlin/intellij-rust/src/test/kotlin/org/rust/ide/intentions/ToggleIgnoreTestIntentionTest.kt": [
9,
18,
27
],
"kotlin-intellij-rust-project:sources/kotlin/intellij-rust/src/test/kotlin/org/rust/ide/intentions/UnElideLifetimesIntentionTest.kt": [
9,
15,
21,
27,
33,
43,
53,
63,
77
],
"kotlin-intellij-rust-project:sources/kotlin/intellij-rust/src/test/kotlin/org/rust/ide/intentions/UnwrapSingleExprIntentionTest.kt": [
9,
21,
31,
51,
59,
65,
73,
79,
95,
111,
127
],
"kotlin-intellij-rust-project:sources/kotlin/intellij-rust/src/test/kotlin/org/rust/ide/intentions/UnwrapToTryIntentionTest.kt": [
9,
19,
29,
39,
49,
59,
69,
79,
89,
95,
101,
107,
113
],
"kotlin-intellij-rust-project:sources/kotlin/intellij-rust/src/test/kotlin/org/rust/ide/intentions/WrapLambdaExprIntentionTest.kt": [
9,
25
],
"kotlin-intellij-rust-project:sources/kotlin/intellij-rust/src/test/kotlin/org/rust/ide/lineMarkers/RsImplsLineMarkerProviderTest.kt": [
11
],
"kotlin-intellij-rust-project:sources/kotlin/intellij-rust/src/test/kotlin/org/rust/ide/lineMarkers/RsRecursiveCallLineMarkerProviderTest.kt": [
13,
19,
28,
37,
47,
56
],
"kotlin-intellij-rust-project:sources/kotlin/intellij-rust/src/test/kotlin/org/rust/ide/lineMarkers/RsTraitItemImplLineMarkerProviderTest.kt": [
15,
39
],
"kotlin-intellij-rust-project:sources/kotlin/intellij-rust/src/test/kotlin/org/rust/ide/miscExtensions/RsBreadcrumbsInfoProviderTest.kt": [
16
],
"kotlin-intellij-rust-project:sources/kotlin/intellij-rust/src/test/kotlin/org/rust/ide/navigation/goto/RsGotoSuperHandlerTest.kt": [
15,
29,
45,
61,
77,
93,
107,
115,
128
],
"kotlin-intellij-rust-project:sources/kotlin/intellij-rust/src/test/kotlin/org/rust/ide/navigation/goto/RsGotoTypeDeclarationTest.kt": [
14,
22,
36,
48,
56,
68,
76,
90,
110,
128,
142,
150,
158,
166,
174,
182,
194,
232
],
"kotlin-intellij-rust-project:sources/kotlin/intellij-rust/src/test/kotlin/org/rust/ide/refactoring/RenameTest.kt": [
14,
60,
66,
86,
92,
98,
108,
129,
152,
173
],
"kotlin-intellij-rust-project:sources/kotlin/intellij-rust/src/test/kotlin/org/rust/ide/refactoring/RsConvertToNamedFieldsActionTest.kt": [
13,
22
],
"kotlin-intellij-rust-project:sources/kotlin/intellij-rust/src/test/kotlin/org/rust/ide/refactoring/RsDowngradeModuleToFileTest.kt": [
17,
30,
43,
53
],
"kotlin-intellij-rust-project:sources/kotlin/intellij-rust/src/test/kotlin/org/rust/ide/refactoring/RsPromoteModuleToDirectoryActionTest.kt": [
19,
31
],
"kotlin-intellij-rust-project:sources/kotlin/intellij-rust/src/test/kotlin/org/rust/ide/search/RsFindUsagesTest.kt": [
14,
23,
41,
52,
70,
97,
110,
131
],
"kotlin-intellij-rust-project:sources/kotlin/intellij-rust/src/test/kotlin/org/rust/ide/structure/RsStructureViewTest.kt": [
18,
32,
45,
96,
110,
132,
159,
172,
189,
198,
220,
259,
266,
270,
274,
337
],
"kotlin-intellij-rust-project:sources/kotlin/intellij-rust/src/test/kotlin/org/rust/ide/template/RsLiveTemplatesTest.kt": [
90,
99,
105
],
"kotlin-intellij-rust-project:sources/kotlin/intellij-rust/src/test/kotlin/org/rust/ide/template/postfix/MatchPostfixTemplateTest.kt": [
9,
37,
53
],
"kotlin-intellij-rust-project:sources/kotlin/intellij-rust/src/test/kotlin/org/rust/ide/template/postfix/NotPostfixTemplateTest.kt": [
9
],
"kotlin-intellij-rust-project:sources/kotlin/intellij-rust/src/test/kotlin/org/rust/ide/typing/RsAngleBraceTypedHandlerTest.kt": [
11,
12,
13,
14,
15,
16,
17,
18,
20,
23,
26,
29,
32,
35,
38,
41,
44,
47
],
"kotlin-intellij-rust-project:sources/kotlin/intellij-rust/src/test/kotlin/org/rust/ide/typing/RsBraceMatcherTest.kt": [
15,
21,
27,
33,
35,
37,
70
],
"kotlin-intellij-rust-project:sources/kotlin/intellij-rust/src/test/kotlin/org/rust/ide/typing/RsDotTypedHandlerTest.kt": [
9,
23
],
"kotlin-intellij-rust-project:sources/kotlin/intellij-rust/src/test/kotlin/org/rust/ide/typing/RsEnterInLineCommentHandlerTest.kt": [
11,
12,
13,
14,
15,
16,
17,
18,
19,
21,
22,
24,
25,
27,
28,
30
],
"kotlin-intellij-rust-project:sources/kotlin/intellij-rust/src/test/kotlin/org/rust/ide/typing/RsEnterInStringLiteralHandlerTest.kt": [
13,
26,
43,
54,
65,
76,
87,
98,
109,
120,
131,
142,
153,
164,
175,
184,
193,
202,
214
],
"kotlin-intellij-rust-project:sources/kotlin/intellij-rust/src/test/kotlin/org/rust/ide/typing/RsQuoteHandlerTest.kt": [
11,
21,
31,
37,
43,
49,
55,
61,
67,
73,
80,
86,
92,
98,
110,
111,
112
],
"kotlin-intellij-rust-project:sources/kotlin/intellij-rust/src/test/kotlin/org/rust/ide/typing/RsRawLiteralHashesBalancerTest.kt": [
11,
21,
31,
41,
51,
61,
71,
81,
90,
100,
111,
121,
135,
146
],
"kotlin-intellij-rust-project:sources/kotlin/intellij-rust/src/test/kotlin/org/rust/ide/typing/assist/RsSmartEnterProcessorTest.kt": [
41,
42,
43,
44,
45,
46,
47,
48,
49
],
"kotlin-intellij-rust-project:sources/kotlin/intellij-rust/src/test/kotlin/org/rust/ide/wordSelection/RsListSelectionHandlerTest.kt": [
10,
22,
34,
44
],
"kotlin-intellij-rust-project:sources/kotlin/intellij-rust/src/test/kotlin/org/rust/lang/core/completion/RsAttributeCompletionTest.kt": [
9,
14,
19,
24,
29,
34,
39,
44,
52,
57,
61,
66,
74,
80,
88,
95,
102,
107,
112,
117
],
"kotlin-intellij-rust-project:sources/kotlin/intellij-rust/src/test/kotlin/org/rust/lang/core/completion/RsCompletionAutoPopupTest.kt": [
25
],
"kotlin-intellij-rust-project:sources/kotlin/intellij-rust/src/test/kotlin/org/rust/lang/core/completion/RsCompletionFilteringTest.kt": [
9,
27
],
"kotlin-intellij-rust-project:sources/kotlin/intellij-rust/src/test/kotlin/org/rust/lang/core/completion/RsCompletionPriorityTest.kt": [
16
],
"kotlin-intellij-rust-project:sources/kotlin/intellij-rust/src/test/kotlin/org/rust/lang/core/completion/RsCompletionTest.kt": [
9,
15,
23,
31,
39,
47,
55,
67,
75,
83,
103,
119,
129,
139,
153,
161,
169,
177,
185,
193,
201,
209,
225,
239,
255,
261,
269,
277,
289,
301,
308,
314,
326,
334,
348,
361,
372,
380,
388,
396,
404,
412,
423,
435,
453,
471,
480,
492,
504,
511,
521,
529,
541,
550,
561,
569
],
"kotlin-intellij-rust-project:sources/kotlin/intellij-rust/src/test/kotlin/org/rust/lang/core/completion/RsDeriveCompletionProviderTest.kt": [
16,
28,
40,
51,
56,
72,
77,
82,
87,
93,
98
],
"kotlin-intellij-rust-project:sources/kotlin/intellij-rust/src/test/kotlin/org/rust/lang/core/completion/RsExternCrateCompletionTest.kt": [
16,
21,
25,
29
],
"kotlin-intellij-rust-project:sources/kotlin/intellij-rust/src/test/kotlin/org/rust/lang/core/completion/RsKeywordCompletionContributorTest.kt": [
12,
20,
28,
36,
44,
50,
58,
66,
74,
82,
86,
90,
94,
96,
100,
106,
112,
118,
125,
131,
137,
141,
145,
149,
153,
157,
161,
163,
167,
171,
175,
179,
183,
187,
191,
198,
205,
212,
220,
224,
228,
234,
240,
247,
254,
258,
262,
266,
270,
274,
278,
282,
286,
290,
294,
298,
302,
306,
310,
314,
318,
322,
326,
330,
340,
350,
355,
360,
365,
369,
373,
377,
381,
387,
393,
397,
401,
405,
409,
413,
417,
421,
427,
433,
437,
441,
445,
449,
459,
469,
479,
489,
503
],
"kotlin-intellij-rust-project:sources/kotlin/intellij-rust/src/test/kotlin/org/rust/lang/core/completion/RsLookupElementTest.kt": [
16,
21,
28,
41,
46,
51,
56,
61,
66,
71,
76,
81,
88,
93
],
"kotlin-intellij-rust-project:sources/kotlin/intellij-rust/src/test/kotlin/org/rust/lang/core/completion/RsModCompletionTest.kt": [
9,
19,
29,
39
],
"kotlin-intellij-rust-project:sources/kotlin/intellij-rust/src/test/kotlin/org/rust/lang/core/completion/RsPartialParseCompletionTest.kt": [
9,
15,
21,
28,
34,
42,
50,
56,
62,
70,
79,
93,
107,
113,
119,
129,
134,
154,
159
],
"kotlin-intellij-rust-project:sources/kotlin/intellij-rust/src/test/kotlin/org/rust/lang/core/completion/RsPsiPatternTest.kt": [
15,
21,
27,
34,
40,
48,
54,
63,
70,
77,
84,
89,
95,
107,
116,
124,
132,
138,
145,
152,
158,
164,
170,
179,
183,
188,
193,
198,
203,
208,
213,
218,
223,
225,
232,
239,
246,
253,
260,
267
],
"kotlin-intellij-rust-project:sources/kotlin/intellij-rust/src/test/kotlin/org/rust/lang/core/completion/RsStdlibCompletionTest.kt": [
13,
19,
26,
33,
41,
47
],
"kotlin-intellij-rust-project:sources/kotlin/intellij-rust/src/test/kotlin/org/rust/lang/core/completion/RsTypeAwareCompletionTest.kt": [
9,
19,
29,
47,
65,
83,
103,
125,
141,
153,
165,
179,
189
],
"kotlin-intellij-rust-project:sources/kotlin/intellij-rust/src/test/kotlin/org/rust/lang/core/ext/RsPsiStructureTest.kt": [
26,
27,
28,
29,
32,
38,
39,
40,
41,
46,
47,
48,
49,
50,
52,
90,
99,
126
],
"kotlin-intellij-rust-project:sources/kotlin/intellij-rust/src/test/kotlin/org/rust/lang/core/macros/RsErrorChainMacroExpansionTest.kt": [
11,
102,
136,
170,
196,
216
],
"kotlin-intellij-rust-project:sources/kotlin/intellij-rust/src/test/kotlin/org/rust/lang/core/macros/RsMacroExpansionTest.kt": [
9,
20,
40,
49,
60,
69,
83,
92,
105,
114,
123,
132,
144,
151,
188,
206,
229,
252,
275,
292,
309,
336,
348,
359,
379,
393,
405,
420,
437,
451
],
"kotlin-intellij-rust-project:sources/kotlin/intellij-rust/src/test/kotlin/org/rust/lang/core/parser/RsCompleteParsingTestCase.kt": [
12,
13,
14,
15,
16,
17,
18,
19,
20,
21,
22,
23,
24,
25,
26,
27,
28,
29,
30,
31,
32,
33,
34,
35,
36,
37,
38,
39,
40,
41,
42,
43,
44,
45,
47,
48,
50
],
"kotlin-intellij-rust-project:sources/kotlin/intellij-rust/src/test/kotlin/org/rust/lang/core/parser/RsPartialParsingTestCase.kt": [
16,
17,
18,
19,
20,
21,
22,
23,
24,
25,
26,
27,
28
],
"kotlin-intellij-rust-project:sources/kotlin/intellij-rust/src/test/kotlin/org/rust/lang/core/psi/RsAttributeTest.kt": [
50,
55,
61,
67,
75,
81,
89,
97,
103,
111,
119,
128,
134,
142,
151,
161,
169,
175,
181,
187,
193,
199,
207,
217,
227,
239
],
"kotlin-intellij-rust-project:sources/kotlin/intellij-rust/src/test/kotlin/org/rust/lang/core/psi/RsCodeFragmentFactoryTest.kt": [
12,
20
],
"kotlin-intellij-rust-project:sources/kotlin/intellij-rust/src/test/kotlin/org/rust/lang/core/psi/RsNumericLiteralValueTest.kt": [
43
],
"kotlin-intellij-rust-project:sources/kotlin/intellij-rust/src/test/kotlin/org/rust/lang/core/resolve/RsClosuresResolveTest.kt": [
25,
39,
52,
66,
80,
98,
121,
131,
148,
160,
197,
236,
247,
258,
269,
281
],
"kotlin-intellij-rust-project:sources/kotlin/intellij-rust/src/test/kotlin/org/rust/lang/core/resolve/RsMacroExpansionResolveTest.kt": [
9,
26,
48,
70,
92,
115,
143
],
"kotlin-intellij-rust-project:sources/kotlin/intellij-rust/src/test/kotlin/org/rust/lang/core/resolve/RsMacroResolveTest.kt": [
10,
23,
33,
43,
50,
59,
70,
86,
101,
112
],
"kotlin-intellij-rust-project:sources/kotlin/intellij-rust/src/test/kotlin/org/rust/lang/core/resolve/RsMultiResolveTest.kt": [
13,
21,
29
],
"kotlin-intellij-rust-project:sources/kotlin/intellij-rust/src/test/kotlin/org/rust/lang/core/resolve/RsNamespaceResolveTest.kt": [
9,
25,
35,
47,
58,
65,
73,
84,
101,
118,
135,
152,
166,
173,
184
],
"kotlin-intellij-rust-project:sources/kotlin/intellij-rust/src/test/kotlin/org/rust/lang/core/resolve/RsOperatorsResolve.kt": [
12,
36,
59,
81
],
"kotlin-intellij-rust-project:sources/kotlin/intellij-rust/src/test/kotlin/org/rust/lang/core/resolve/RsPackageLibraryResolveTest.kt": [
16,
28,
41,
54,
67,
80,
95
],
"kotlin-intellij-rust-project:sources/kotlin/intellij-rust/src/test/kotlin/org/rust/lang/core/resolve/RsPreciseTraitMatchingTest.kt": [
11,
28,
51,
68,
85,
102,
117,
134,
152,
171,
190,
212,
234
],
"kotlin-intellij-rust-project:sources/kotlin/intellij-rust/src/test/kotlin/org/rust/lang/core/resolve/RsResolveTest.kt": [
10,
18,
27,
37,
50,
61,
69,
82,
96,
110,
124,
131,
140,
147,
157,
165,
177,
187,
195,
205,
212,
224,
237,
250,
263,
279,
292,
302,
312,
324,
336,
348,
366,
383,
401,
418,
434,
444,
454,
466,
478,
492,
501,
511,
521,
529,
537,
547,
556,
566,
576,
586,
598,
611,
622,
636,
647,
663,
682,
691,
705,
717,
729,
738,
748,
758,
766,
773,
778,
786,
798,
806,
815,
826,
837,
846,
853,
860,
867,
874,
881,
889,
897,
904,
911,
918,
926,
933,
941,
946,
956,
966,
976,
986,
996,
1006,
1015,
1027,
1035,
1044,
1051,
1059
],
"kotlin-intellij-rust-project:sources/kotlin/intellij-rust/src/test/kotlin/org/rust/lang/core/resolve/RsStdlibResolveTest.kt": [
15,
24,
32,
41,
49,
59,
67,
73,
80,
87,
101,
109,
117,
124,
134,
141,
147,
153,
159,
165,
171,
179,
185,
191,
200,
211,
222,
231,
242,
249,
256,
268,
278,
287,
295,
303,
312,
320,
329,
338,
348,
357,
369,
381,
403,
415,
426,
439,
454,
466,
478,
491,
510,
527
],
"kotlin-intellij-rust-project:sources/kotlin/intellij-rust/src/test/kotlin/org/rust/lang/core/resolve/RsStubOnlyResolveTest.kt": [
9,
22,
37,
48,
63,
74,
84,
97,
113,
129,
142,
155,
168,
183,
198,
214,
230,
246,
259,
278,
294,
303,
320,
333,
346,
366,
386,
397,
407
],
"kotlin-intellij-rust-project:sources/kotlin/intellij-rust/src/test/kotlin/org/rust/lang/core/resolve/RsTypeAwareGenericResolveTest.kt": [
12,
20,
31,
40,
48,
56,
64,
74,
83,
90,
97,
113,
121,
129,
143,
151,
166,
184,
206,
217,
237,
271,
283,
298,
315,
337,
355,
372,
395,
425,
440,
459,
481,
512,
553,
568,
582,
590,
598,
607,
619,
632,
645,
655,
665,
690,
703,
721,
737,
750,
761,
772,
783,
794,
811,
828,
843
],
"kotlin-intellij-rust-project:sources/kotlin/intellij-rust/src/test/kotlin/org/rust/lang/core/resolve/RsTypeAwareResolveTest.kt": [
11,
23,
33,
50,
61,
72,
91,
105,
126,
136,
150,
166,
178,
190,
203,
219,
233,
247,
260,
273,
288,
298,
318,
335,
352,
375,
385,
396,
411,
421,
433,
446,
461,
475,
488,
502,
512,
523,
537,
549,
562,
575,
584,
593,
603,
613,
623,
633,
643,
655
],
"kotlin-intellij-rust-project:sources/kotlin/intellij-rust/src/test/kotlin/org/rust/lang/core/resolve/RsUseResolveTest.kt": [
10,
22,
36,
53,
67,
86,
98,
110,
120,
131,
147,
163,
179,
198,
212,
224,
241,
250,
259,
274,
283,
304,
324,
338,
352,
366,
391,
397,
405,
413,
424,
435,
450,
465,
478,
490,
501,
526,
538,
550
],
"kotlin-intellij-rust-project:sources/kotlin/intellij-rust/src/test/kotlin/org/rust/lang/core/stubs/RsStubAccessTest.kt": [
34,
47,
51,
62
],
"kotlin-intellij-rust-project:sources/kotlin/intellij-rust/src/test/kotlin/org/rust/lang/core/stubs/RsStubTest.kt": [
16,
25,
34,
47,
60,
71,
82,
93,
107,
120
],
"kotlin-intellij-rust-project:sources/kotlin/intellij-rust/src/test/kotlin/org/rust/lang/core/type/RsArithmeticOpsTest.kt": [
12,
35,
58,
82,
112
],
"kotlin-intellij-rust-project:sources/kotlin/intellij-rust/src/test/kotlin/org/rust/lang/core/type/RsDivergingTypeInferenceTest.kt": [
10,
17,
24,
31,
46
],
"kotlin-intellij-rust-project:sources/kotlin/intellij-rust/src/test/kotlin/org/rust/lang/core/type/RsEnumPatternTypeInferenceTest.kt": [
9,
20,
33,
46,
58,
72,
87,
102
],
"kotlin-intellij-rust-project:sources/kotlin/intellij-rust/src/test/kotlin/org/rust/lang/core/type/RsExpressionTypeInferenceTest.kt": [
9,
21,
30,
42,
53,
64,
72,
80,
86,
94,
102,
109,
116,
126,
134,
142,
150,
160,
174,
185,
200,
213,
226,
232,
240,
248,
255,
262,
269,
276,
283,
290,
297,
304,
311,
318,
325,
333,
340,
347,
354,
362,
370,
378,
392,
398,
413,
421,
426,
431,
437,
445,
454,
479,
491,
500,
509,
515,
524,
537,
545,
553,
561,
569,
576,
584,
592,
600,
608,
617,
626,
634,
642,
651,
661,
670,
679,
688,
699,
716,
733,
746,
758,
768,
774,
781,
787,
794,
800,
807,
816,
827,
842,
860,
869,
875,
881,
889,
895,
903,
911,
917,
924,
930,
936,
942,
948,
954,
960,
966,
973,
979,
985,
991,
998,
1006,
1014,
1022,
1034,
1043,
1051
],
"kotlin-intellij-rust-project:sources/kotlin/intellij-rust/src/test/kotlin/org/rust/lang/core/type/RsGenericExpressionTypeInferenceTest.kt": [
11,
21,
31,
42,
52,
62,
72,
82,
92,
106,
119,
133,
147,
161,
171,
181,
191,
202,
213,
226,
239,
246,
256,
266,
276,
286,
296,
306,
317,
328,
337,
348,
357,
367,
376,
385,
401,
416,
425,
434,
443,
451,
463,
476,
485,
494,
503,
513,
523,
532,
541,
550,
559,
569,
582,
591,
601,
614,
627,
639,
651,
663,
675,
688,
703,
714,
725,
744,
753,
764,
775,
786,
805,
818,
831,
846,
861,
876,
896,
921,
933,
946,
957,
971,
987,
1006,
1015,
1022,
1032,
1042,
1053,
1061,
1068,
1079,
1096,
1117,
1128,
1138,
1148,
1159,
1180,
1192,
1200,
1209,
1218,
1228,
1237,
1247,
1257,
1268,
1277,
1287,
1300,
1313,
1333,
1342,
1353,
1365,
1374,
1386,
1400,
1413,
1424
],
"kotlin-intellij-rust-project:sources/kotlin/intellij-rust/src/test/kotlin/org/rust/lang/core/type/RsImplicitTraitsTest.kt": [
19,
21,
26,
31,
37,
43,
49,
55,
61,
67,
73,
78,
83,
88,
93,
98,
103,
108,
113,
120,
127
],
"kotlin-intellij-rust-project:sources/kotlin/intellij-rust/src/test/kotlin/org/rust/lang/core/type/RsIndexTypeInferenceTest.kt": [
12,
29,
46,
64,
88,
105,
121
],
"kotlin-intellij-rust-project:sources/kotlin/intellij-rust/src/test/kotlin/org/rust/lang/core/type/RsNumericLiteralTypeInferenceTest.kt": [
9,
15,
21,
27,
33,
39,
45,
51,
57,
63,
69,
75,
81,
87,
93,
99,
105,
111,
117,
123,
129,
135,
141,
147,
156,
163,
171,
177,
183,
189,
195,
201,
207,
213,
219,
225,
232,
239,
246,
253,
260,
267,
278,
286,
294,
302,
311,
320,
330,
338,
346,
354,
362,
370,
378,
386,
397,
407,
417,
427,
437,
447,
457,
469,
480,
491,
503,
511
],
"kotlin-intellij-rust-project:sources/kotlin/intellij-rust/src/test/kotlin/org/rust/lang/core/type/RsPatternMatchingTest.kt": [
9,
17,
27,
38,
49,
62,
71,
81,
90,
100,
110,
120,
130,
138,
145,
154,
163,
174
],
"kotlin-intellij-rust-project:sources/kotlin/intellij-rust/src/test/kotlin/org/rust/lang/core/type/RsSnapshotMapTest.kt": [
25,
31,
40
],
"kotlin-intellij-rust-project:sources/kotlin/intellij-rust/src/test/kotlin/org/rust/lang/core/type/RsStdlibExpressionTypeInferenceTest.kt": [
18,
27,
37,
46,
55,
64,
73,
82,
91,
100,
109,
118,
127,
137,
146,
155,
165,
174,
184,
193,
202,
211,
220,
229,
238,
247,
256,
265,
275,
284,
293,
305,
320,
335,
347,
359,
371,
383,
395,
408,
418,
427,
434,
441,
474,
485
],
"kotlin-intellij-rust-project:sources/kotlin/intellij-rust/src/test/kotlin/org/rust/lang/core/type/RsStubOnlyTypeInferenceTest.kt": [
10
],
"kotlin-intellij-rust-project:sources/kotlin/intellij-rust/src/test/kotlin/org/rust/lang/core/type/RsTypeResolvingTest.kt": [
13,
22,
29,
39,
56,
65,
76,
84,
89,
94,
99,
104,
109,
114,
119,
124,
129,
134,
139,
144,
149,
154,
159,
164,
169,
174,
179,
185,
191,
196,
202,
208,
217,
229,
241,
247,
253,
259,
265,
271,
277
],
"kotlin-intellij-rust-project:sources/kotlin/intellij-rust/src/test/kotlin/org/rust/lang/core/type/RsUnificationTableTest.kt": [
76,
80,
86,
92,
99
],
"kotlin-intellij-rust-project:sources/kotlin/intellij-rust/src/test/kotlin/org/rust/lang/refactoring/RsExtractFunctionTest.kt": [
20,
38,
103,
121,
137,
155,
175,
197,
227,
246,
269,
289,
307,
331,
353,
387,
421,
455,
489,
515,
539,
575,
597,
621,
637,
653,
679,
701,
729,
771,
791,
817,
853,
881
],
"kotlin-intellij-rust-project:sources/kotlin/intellij-rust/src/test/kotlin/org/rust/lang/refactoring/RsImportOptimizerTest.kt": [
13,
19,
30,
43,
59,
74,
87,
96,
105,
111,
117,
123,
132,
144,
172,
177,
182,
187,
195,
211
],
"kotlin-intellij-rust-project:sources/kotlin/intellij-rust/src/test/kotlin/org/rust/lang/refactoring/RsIntroduceVariableHandlerTest.kt": [
19,
30,
40,
54,
65,
78,
93,
103,
119,
129,
144,
163
],
"kotlin-intellij-rust-project:sources/kotlin/intellij-rust/src/test/kotlin/org/rust/lang/refactoring/implementMembers/ImplementMembersHandlerTest.kt": [
15,
19,
45,
58,
91,
124,
172,
201,
229,
267,
304,
335,
364,
406,
447
],
"kotlin-intellij-rust-project:sources/kotlin/intellij-rust/src/test/kotlin/org/rust/lang/refactoring/implementMembers/RsNameSuggestionsKtTest.kt": [
18,
30,
43,
55,
64,
73,
83,
98,
116,
124
],
"kotlin-intellij-rust-project:sources/kotlin/intellij-rust/src/test/kotlin/org/rust/stdext/AsyncValueTest.kt": [
16
],
"kotlin-intellij-rust-project:sources/kotlin/intellij-rust/src/test/kotlin/org/rust/toml/CargoCrateDocLineMarkerProviderTest.kt": [
44,
52,
57,
62,
67,
72,
77
],
"kotlin-intellij-rust-project:sources/kotlin/intellij-rust/src/test/kotlin/org/rust/toml/CargoTomlCompletionContributorTest.kt": [
12,
21,
26,
31,
36
],
"kotlin-intellij-rust-project:sources/kotlin/intellij-rust/src/test/kotlin/org/rustSlowTests/CargoProjectResolveTest.kt": [
18,
35,
55,
96,
145,
169,
192,
217,
240
],
"kotlin-intellij-rust-project:sources/kotlin/intellij-rust/src/test/kotlin/org/rustSlowTests/CargoProjectServiceTest.kt": [
16
],
"kotlin-intellij-rust-project:sources/kotlin/intellij-rust/src/test/kotlin/org/rustSlowTests/CargoProjectStructureTest.kt": [
17,
49
],
"kotlin-intellij-rust-project:sources/kotlin/intellij-rust/src/test/kotlin/org/rustSlowTests/RsCargoCheckAnnotatorTest.kt": [
23,
27,
34,
43,
70,
108
],
"kotlin-intellij-rust-project:sources/kotlin/intellij-rust/src/test/kotlin/org/rustSlowTests/RsCompilerSourcesPerformance.kt": [
33
],
"kotlin-intellij-rust-project:sources/kotlin/intellij-rust/src/test/kotlin/org/rustSlowTests/RsHighlightingPerformanceTest.kt": [
26,
29
],
"kotlin-intellij-rust-project:sources/kotlin/intellij-rust/src/test/kotlin/org/rustSlowTests/RsTypingEmptyFileFuzzyTest.kt": [
12
]
}
