{
"kotlin-intellij-rust-project:sources/kotlin/intellij-rust/src/test/kotlin/org/rust/lang/core/stubs/RsStubAccessTest.kt": [
100
],
"kotlin-intellij-rust-project:sources/kotlin/intellij-rust/src/test/kotlin/org/rustSlowTests/RsCompilerSourcesPerformance.kt": [
55,
95
]
}
