{
"kotlin-kotlin-project:sources/kotlin/kotlin/build-common/test/org/jetbrains/kotlin/incremental/testingUtils/incrementalModificationUtils.kt": [
120
],
"kotlin-kotlin-project:sources/kotlin/kotlin/compiler/android-tests/tests/org/jetbrains/kotlin/android/tests/AndroidTestGenerator.kt": [
107
],
"kotlin-kotlin-project:sources/kotlin/kotlin/compiler/backend/src/org/jetbrains/kotlin/codegen/InnerClassConsumer.kt": [
37
],
"kotlin-kotlin-project:sources/kotlin/kotlin/compiler/backend/src/org/jetbrains/kotlin/codegen/inline/AnonymousObjectTransformer.kt": [
243
],
"kotlin-kotlin-project:sources/kotlin/kotlin/compiler/backend/src/org/jetbrains/kotlin/codegen/inline/MethodInliner.kt": [
387
],
"kotlin-kotlin-project:sources/kotlin/kotlin/compiler/backend/src/org/jetbrains/kotlin/codegen/inline/ReifiedTypeInliner.kt": [
130
],
"kotlin-kotlin-project:sources/kotlin/kotlin/compiler/cli/src/org/jetbrains/kotlin/cli/jvm/repl/ReplFromTerminal.kt": [
150
],
"kotlin-kotlin-project:sources/kotlin/kotlin/compiler/frontend.java/src/org/jetbrains/kotlin/resolve/jvm/JvmOverridesBackwardCompatibilityHelper.kt": [
51
],
"kotlin-kotlin-project:sources/kotlin/kotlin/compiler/frontend/src/org/jetbrains/kotlin/contracts/parsing/PsiConditionParser.kt": [
52
],
"kotlin-kotlin-project:sources/kotlin/kotlin/compiler/frontend/src/org/jetbrains/kotlin/diagnostics/PositioningStrategies.kt": [
53
],
"kotlin-kotlin-project:sources/kotlin/kotlin/compiler/frontend/src/org/jetbrains/kotlin/resolve/QualifiedExpressionResolver.kt": [
224
],
"kotlin-kotlin-project:sources/kotlin/kotlin/compiler/frontend/src/org/jetbrains/kotlin/resolve/TypeResolver.kt": [
769
],
"kotlin-kotlin-project:sources/kotlin/kotlin/compiler/frontend/src/org/jetbrains/kotlin/resolve/constants/evaluate/ConstantExpressionEvaluator.kt": [
95,
486
],
"kotlin-kotlin-project:sources/kotlin/kotlin/compiler/frontend/src/org/jetbrains/kotlin/resolve/lazy/LazyDeclarationResolver.kt": [
131,
219
],
"kotlin-kotlin-project:sources/kotlin/kotlin/compiler/frontend/src/org/jetbrains/kotlin/types/expressions/DoubleColonExpressionResolver.kt": [
284,
493
],
"kotlin-kotlin-project:sources/kotlin/kotlin/compiler/ir/backend.common/src/org/jetbrains/kotlin/backend/common/lower/DefaultArgumentStubGenerator.kt": [
212
],
"kotlin-kotlin-project:sources/kotlin/kotlin/compiler/ir/backend.common/src/org/jetbrains/kotlin/backend/common/lower/LocalDeclarationsLowering.kt": [
207,
216,
228
],
"kotlin-kotlin-project:sources/kotlin/kotlin/compiler/javac-wrapper/src/org/jetbrains/kotlin/javac/resolve/ConstantEvaluator.kt": [
84
],
"kotlin-kotlin-project:sources/kotlin/kotlin/compiler/javac-wrapper/src/org/jetbrains/kotlin/javac/wrappers/trees/treeBasedTypes.kt": [
145
],
"kotlin-kotlin-project:sources/kotlin/kotlin/compiler/psi/src/org/jetbrains/kotlin/psi/EditCommaSeparatedListHelper.kt": [
40
],
"kotlin-kotlin-project:sources/kotlin/kotlin/compiler/psi/src/org/jetbrains/kotlin/psi/KtDotQualifiedExpression.kt": [
59
],
"kotlin-kotlin-project:sources/kotlin/kotlin/compiler/psi/src/org/jetbrains/kotlin/psi/TypeRefHelpers.kt": [
36,
64
],
"kotlin-kotlin-project:sources/kotlin/kotlin/compiler/resolution/src/org/jetbrains/kotlin/resolve/calls/NewCommonSuperTypeCalculator.kt": [
209
],
"kotlin-kotlin-project:sources/kotlin/kotlin/compiler/resolution/src/org/jetbrains/kotlin/resolve/calls/components/ArgumentsToParametersMapper.kt": [
48,
123
],
"kotlin-kotlin-project:sources/kotlin/kotlin/compiler/resolution/src/org/jetbrains/kotlin/resolve/calls/components/TypeArgumentsToParametersMapper.kt": [
49
],
"kotlin-kotlin-project:sources/kotlin/kotlin/compiler/resolution/src/org/jetbrains/kotlin/resolve/calls/inference/components/NewTypeSubstitutor.kt": [
49
],
"kotlin-kotlin-project:sources/kotlin/kotlin/compiler/resolution/src/org/jetbrains/kotlin/resolve/calls/inference/components/ResultTypeResolver.kt": [
68
],
"kotlin-kotlin-project:sources/kotlin/kotlin/compiler/resolution/src/org/jetbrains/kotlin/resolve/calls/inference/components/TypeCheckerContextForConstraintSystem.kt": [
72
],
"kotlin-kotlin-project:sources/kotlin/kotlin/compiler/resolution/src/org/jetbrains/kotlin/resolve/calls/results/OverloadingConflictResolver.kt": [
283
],
"kotlin-kotlin-project:sources/kotlin/kotlin/compiler/resolution/src/org/jetbrains/kotlin/resolve/calls/tower/InvokeProcessors.kt": [
228
],
"kotlin-kotlin-project:sources/kotlin/kotlin/compiler/resolution/src/org/jetbrains/kotlin/types/TypeApproximator.kt": [
143
],
"kotlin-kotlin-project:sources/kotlin/kotlin/compiler/tests-common/tests/org/jetbrains/kotlin/jvm/compiler/AbstractWriteSignatureTest.kt": [
256
],
"kotlin-kotlin-project:sources/kotlin/kotlin/core/descriptors/src/org/jetbrains/kotlin/types/checker/NewKotlinTypeChecker.kt": [
233
],
"kotlin-kotlin-project:sources/kotlin/kotlin/core/util.runtime/src/org/jetbrains/kotlin/utils/addToStdlib.kt": [
54
],
"kotlin-kotlin-project:sources/kotlin/kotlin/eval4j/src/org/jetbrains/eval4j/jdi/jdiEval.kt": [
64
],
"kotlin-kotlin-project:sources/kotlin/kotlin/idea/ide-common/src/org/jetbrains/kotlin/idea/codeInsight/ReferenceVariantsHelper.kt": [
236,
295
],
"kotlin-kotlin-project:sources/kotlin/kotlin/idea/ide-common/src/org/jetbrains/kotlin/idea/kdoc/resolveKDocLink.kt": [
64,
199
],
"kotlin-kotlin-project:sources/kotlin/kotlin/idea/ide-common/src/org/jetbrains/kotlin/idea/util/CallType.kt": [
163
],
"kotlin-kotlin-project:sources/kotlin/kotlin/idea/ide-common/src/org/jetbrains/kotlin/idea/util/Utils.kt": [
40,
76
],
"kotlin-kotlin-project:sources/kotlin/kotlin/idea/idea-analysis/src/org/jetbrains/kotlin/idea/caches/resolve/IDEKotlinAsJavaSupport.kt": [
213
],
"kotlin-kotlin-project:sources/kotlin/kotlin/idea/idea-analysis/src/org/jetbrains/kotlin/idea/project/ResolveElementCache.kt": [
154,
257
],
"kotlin-kotlin-project:sources/kotlin/kotlin/idea/idea-analysis/src/org/jetbrains/kotlin/idea/references/referenceUtil.kt": [
120,
240
],
"kotlin-kotlin-project:sources/kotlin/kotlin/idea/idea-analysis/src/org/jetbrains/kotlin/idea/search/usagesSearch/operators/OperatorReferenceSearcher.kt": [
154
],
"kotlin-kotlin-project:sources/kotlin/kotlin/idea/idea-android/idea-android-output-parser/src/org/jetbrains/kotlin/android/KotlinOutputParserHelper.kt": [
49
],
"kotlin-kotlin-project:sources/kotlin/kotlin/idea/idea-completion/src/org/jetbrains/kotlin/idea/completion/BasicLookupElementFactory.kt": [
308
],
"kotlin-kotlin-project:sources/kotlin/kotlin/idea/idea-completion/src/org/jetbrains/kotlin/idea/completion/KDocCompletionContributor.kt": [
107
],
"kotlin-kotlin-project:sources/kotlin/kotlin/idea/idea-completion/src/org/jetbrains/kotlin/idea/completion/KeywordCompletion.kt": [
335,
438
],
"kotlin-kotlin-project:sources/kotlin/kotlin/idea/idea-completion/src/org/jetbrains/kotlin/idea/completion/OverridesCompletion.kt": [
155
],
"kotlin-kotlin-project:sources/kotlin/kotlin/idea/idea-completion/src/org/jetbrains/kotlin/idea/completion/StaticMembersCompletion.kt": [
121
],
"kotlin-kotlin-project:sources/kotlin/kotlin/idea/idea-completion/src/org/jetbrains/kotlin/idea/completion/Statisticians.kt": [
43
],
"kotlin-kotlin-project:sources/kotlin/kotlin/idea/idea-completion/src/org/jetbrains/kotlin/idea/completion/Weighers.kt": [
247
],
"kotlin-kotlin-project:sources/kotlin/kotlin/idea/idea-completion/src/org/jetbrains/kotlin/idea/completion/smart/Utils.kt": [
329
],
"kotlin-kotlin-project:sources/kotlin/kotlin/idea/idea-completion/tests/org/jetbrains/kotlin/idea/completion/test/AbstractKeywordCompletionTest.kt": [
37
],
"kotlin-kotlin-project:sources/kotlin/kotlin/idea/idea-core/src/org/jetbrains/kotlin/idea/core/ExpectedInfos.kt": [
523
],
"kotlin-kotlin-project:sources/kotlin/kotlin/idea/idea-core/src/org/jetbrains/kotlin/idea/core/KotlinIndicesHelper.kt": [
481
],
"kotlin-kotlin-project:sources/kotlin/kotlin/idea/idea-core/src/org/jetbrains/kotlin/idea/core/SmartCastCalculator.kt": [
102
],
"kotlin-kotlin-project:sources/kotlin/kotlin/idea/idea-core/src/org/jetbrains/kotlin/idea/core/descriptorUtils.kt": [
67
],
"kotlin-kotlin-project:sources/kotlin/kotlin/idea/idea-core/src/org/jetbrains/kotlin/idea/core/overrideImplement/OverrideMemberChooserObject.kt": [
212
],
"kotlin-kotlin-project:sources/kotlin/kotlin/idea/idea-core/src/org/jetbrains/kotlin/idea/core/util/DescriptorMemberChooserObject.kt": [
84
],
"kotlin-kotlin-project:sources/kotlin/kotlin/idea/idea-jvm/src/org/jetbrains/kotlin/idea/debugger/InlineCallableUsagesSearcher.kt": [
48
],
"kotlin-kotlin-project:sources/kotlin/kotlin/idea/idea-jvm/src/org/jetbrains/kotlin/idea/injection/KotlinLanguageInjector.kt": [
293
],
"kotlin-kotlin-project:sources/kotlin/kotlin/idea/src/org/jetbrains/kotlin/idea/actions/internal/FindImplicitNothingAction.kt": [
115
],
"kotlin-kotlin-project:sources/kotlin/kotlin/idea/src/org/jetbrains/kotlin/idea/codeInliner/ClassUsageReplacementStrategy.kt": [
57
],
"kotlin-kotlin-project:sources/kotlin/kotlin/idea/src/org/jetbrains/kotlin/idea/codeInsight/KotlinBreadcrumbsInfoProvider.kt": [
193,
361
],
"kotlin-kotlin-project:sources/kotlin/kotlin/idea/src/org/jetbrains/kotlin/idea/editor/KotlinLiteralCopyPasteProcessor.kt": [
191
],
"kotlin-kotlin-project:sources/kotlin/kotlin/idea/src/org/jetbrains/kotlin/idea/hierarchy/calls/KotlinCallerTreeStructure.kt": [
123
],
"kotlin-kotlin-project:sources/kotlin/kotlin/idea/src/org/jetbrains/kotlin/idea/inspections/ConflictingExtensionPropertyInspection.kt": [
111,
135
],
"kotlin-kotlin-project:sources/kotlin/kotlin/idea/src/org/jetbrains/kotlin/idea/inspections/UseExpressionBodyInspection.kt": [
112
],
"kotlin-kotlin-project:sources/kotlin/kotlin/idea/src/org/jetbrains/kotlin/idea/intentions/ConvertTwoComparisonsToRangeCheckIntention.kt": [
113
],
"kotlin-kotlin-project:sources/kotlin/kotlin/idea/src/org/jetbrains/kotlin/idea/intentions/InvertIfConditionIntention.kt": [
209
],
"kotlin-kotlin-project:sources/kotlin/kotlin/idea/src/org/jetbrains/kotlin/idea/intentions/JoinDeclarationAndAssignmentIntention.kt": [
126
],
"kotlin-kotlin-project:sources/kotlin/kotlin/idea/src/org/jetbrains/kotlin/idea/intentions/RemoveBracesIntention.kt": [
39
],
"kotlin-kotlin-project:sources/kotlin/kotlin/idea/src/org/jetbrains/kotlin/idea/intentions/UsePropertyAccessSyntaxIntention.kt": [
254
],
"kotlin-kotlin-project:sources/kotlin/kotlin/idea/src/org/jetbrains/kotlin/idea/intentions/loopToCallChain/result/FindTransformationMatcher.kt": [
279
],
"kotlin-kotlin-project:sources/kotlin/kotlin/idea/src/org/jetbrains/kotlin/idea/intentions/loopToCallChain/sequence/FilterTransformation.kt": [
202
],
"kotlin-kotlin-project:sources/kotlin/kotlin/idea/src/org/jetbrains/kotlin/idea/intentions/loopToCallChain/utils.kt": [
211,
353
],
"kotlin-kotlin-project:sources/kotlin/kotlin/idea/src/org/jetbrains/kotlin/idea/j2k/J2kPostProcessings.kt": [
253
],
"kotlin-kotlin-project:sources/kotlin/kotlin/idea/src/org/jetbrains/kotlin/idea/quickfix/AddStarProjectionsFix.kt": [
41
],
"kotlin-kotlin-project:sources/kotlin/kotlin/idea/src/org/jetbrains/kotlin/idea/quickfix/ChangeCallableReturnTypeFix.kt": [
75
],
"kotlin-kotlin-project:sources/kotlin/kotlin/idea/src/org/jetbrains/kotlin/idea/quickfix/ReplaceCallFix.kt": [
87
],
"kotlin-kotlin-project:sources/kotlin/kotlin/idea/src/org/jetbrains/kotlin/idea/quickfix/replaceWith/DeprecatedSymbolUsageFixBase.kt": [
147
],
"kotlin-kotlin-project:sources/kotlin/kotlin/idea/src/org/jetbrains/kotlin/idea/refactoring/inline/KotlinInlineValHandler.kt": [
154
],
"kotlin-kotlin-project:sources/kotlin/kotlin/idea/src/org/jetbrains/kotlin/idea/refactoring/inline/inlineUtils.kt": [
143
],
"kotlin-kotlin-project:sources/kotlin/kotlin/idea/src/org/jetbrains/kotlin/idea/refactoring/safeDelete/KotlinSafeDeleteProcessor.kt": [
440
],
"kotlin-kotlin-project:sources/kotlin/kotlin/idea/tests/org/jetbrains/kotlin/findUsages/OptionsParser.kt": [
147
],
"kotlin-kotlin-project:sources/kotlin/kotlin/idea/tests/org/jetbrains/kotlin/idea/AbstractCopyPasteTest.kt": [
54
],
"kotlin-kotlin-project:sources/kotlin/kotlin/j2k/src/org/jetbrains/kotlin/j2k/Converter.kt": [
331
],
"kotlin-kotlin-project:sources/kotlin/kotlin/j2k/src/org/jetbrains/kotlin/j2k/ExpressionConverter.kt": [
201,
693
],
"kotlin-kotlin-project:sources/kotlin/kotlin/j2k/src/org/jetbrains/kotlin/j2k/usageProcessing/AccessorToPropertyProcessing.kt": [
43,
72
],
"kotlin-kotlin-project:sources/kotlin/kotlin/j2k/src/org/jetbrains/kotlin/j2k/usageProcessing/FieldToPropertyProcessing.kt": [
61,
92
],
"kotlin-kotlin-project:sources/kotlin/kotlin/j2k/src/org/jetbrains/kotlin/j2k/usageProcessing/UsageProcessing.kt": [
45
],
"kotlin-kotlin-project:sources/kotlin/kotlin/jps-plugin/jps-tests/test/org/jetbrains/kotlin/jps/build/AbstractIncrementalJpsTest.kt": [
158
],
"kotlin-kotlin-project:sources/kotlin/kotlin/js/js.dce/src/org/jetbrains/kotlin/js/dce/ReachabilityTracker.kt": [
75
],
"kotlin-kotlin-project:sources/kotlin/kotlin/js/js.inliner/src/org/jetbrains/kotlin/js/inline/util/collectUtils.kt": [
371
],
"kotlin-kotlin-project:sources/kotlin/kotlin/js/js.translator/src/org/jetbrains/kotlin/js/translate/expression/LoopTranslator.kt": [
191
],
"kotlin-kotlin-project:sources/kotlin/kotlin/js/js.translator/src/org/jetbrains/kotlin/js/translate/reference/CallableReferenceTranslator.kt": [
98,
148
],
"kotlin-kotlin-project:sources/kotlin/kotlin/libraries/stdlib/common/src/generated/_Collections.kt": [
167,
203,
327,
409,
459,
506,
1967
],
"kotlin-kotlin-project:sources/kotlin/kotlin/libraries/stdlib/common/src/generated/_Sequences.kt": [
1417,
1437
],
"kotlin-kotlin-project:sources/kotlin/kotlin/libraries/stdlib/js/src/kotlin/builtins.kt": [
91,
179
],
"kotlin-kotlin-project:sources/kotlin/kotlin/libraries/stdlib/js/src/kotlin/collections/InternalHashCodeMap.kt": [
43,
70,
112,
146
],
"kotlin-kotlin-project:sources/kotlin/kotlin/libraries/stdlib/js/src/kotlin/collections/InternalStringMap.kt": [
51,
64
],
"kotlin-kotlin-project:sources/kotlin/kotlin/libraries/stdlib/js/src/kotlin/collections/LinkedHashMap.kt": [
222
],
"kotlin-kotlin-project:sources/kotlin/kotlin/libraries/stdlib/js/src/kotlin/regex.kt": [
83
],
"kotlin-kotlin-project:sources/kotlin/kotlin/libraries/stdlib/js/src/kotlin/stringsCode.kt": [
20,
30,
40
],
"kotlin-kotlin-project:sources/kotlin/kotlin/libraries/stdlib/jvm/src/kotlin/io/files/FilePathComponents.kt": [
38
],
"kotlin-kotlin-project:sources/kotlin/kotlin/libraries/stdlib/jvm/src/kotlin/io/files/FileTreeWalk.kt": [
114,
152,
183
],
"kotlin-kotlin-project:sources/kotlin/kotlin/libraries/stdlib/jvm/src/kotlin/text/StringsJVM.kt": [
61,
191,
201,
211,
317,
362
],
"kotlin-kotlin-project:sources/kotlin/kotlin/libraries/stdlib/src/kotlin/collections/MutableCollections.kt": [
121,
197,
240,
251
],
"kotlin-kotlin-project:sources/kotlin/kotlin/libraries/stdlib/src/kotlin/text/Strings.kt": [
718,
728,
738
],
"kotlin-kotlin-project:sources/kotlin/kotlin/libraries/tools/kotlin-gradle-plugin/src/main/kotlin/org/jetbrains/kotlin/gradle/internal/AndroidSubplugin.kt": [
242
],
"kotlin-kotlin-project:sources/kotlin/kotlin/libraries/tools/kotlin-gradle-plugin/src/main/kotlin/org/jetbrains/kotlin/gradle/plugin/KotlinPlugin.kt": [
814
],
"kotlin-kotlin-project:sources/kotlin/kotlin/libraries/tools/kotlin-stdlib-gen/src/templates/dsl/MemberBuilder.kt": [
274
],
"kotlin-kotlin-project:sources/kotlin/kotlin/libraries/tools/kotlin-stdlib-js-merger/src/FileMerger.kt": [
104
],
"kotlin-kotlin-project:sources/kotlin/kotlin/plugins/uast-kotlin/src/org/jetbrains/uast/kotlin/declarations/KotlinUVariable.kt": [
196
]
}
