{
"kotlin-kotlin-project:sources/kotlin/kotlin/compiler/backend/src/org/jetbrains/kotlin/codegen/optimization/boxing/BoxedBasicValue.kt": [
31
],
"kotlin-kotlin-project:sources/kotlin/kotlin/compiler/daemon/daemon-common/src/org/jetbrains/kotlin/daemon/common/NetworkUtils.kt": [
69,
78
],
"kotlin-kotlin-project:sources/kotlin/kotlin/compiler/ir/backend.jvm/src/org/jetbrains/kotlin/backend/jvm/lower/BridgeLowering.kt": [
334
],
"kotlin-kotlin-project:sources/kotlin/kotlin/compiler/light-classes/src/org/jetbrains/kotlin/asJava/elements/KtLightParameter.kt": [
116
],
"kotlin-kotlin-project:sources/kotlin/kotlin/compiler/tests/org/jetbrains/kotlin/codegen/ReflectionClassLoaderTest.kt": [
56
],
"kotlin-kotlin-project:sources/kotlin/kotlin/core/descriptors/src/org/jetbrains/kotlin/descriptors/impl/LazyPackageViewDescriptorImpl.kt": [
55
],
"kotlin-kotlin-project:sources/kotlin/kotlin/core/reflection.jvm/src/kotlin/reflect/jvm/internal/KFunctionImpl.kt": [
162
],
"kotlin-kotlin-project:sources/kotlin/kotlin/core/reflection.jvm/src/kotlin/reflect/jvm/internal/KPropertyImpl.kt": [
118
],
"kotlin-kotlin-project:sources/kotlin/kotlin/idea/idea-jvm/src/org/jetbrains/kotlin/idea/debugger/DelegateSourcePosition.kt": [
40
],
"kotlin-kotlin-project:sources/kotlin/kotlin/idea/idea-repl/src/org/jetbrains/kotlin/console/gutter/ConsoleErrorRenderer.kt": [
37
],
"kotlin-kotlin-project:sources/kotlin/kotlin/libraries/stdlib/js/runtime/Enum.kt": [
20
],
"kotlin-kotlin-project:sources/kotlin/kotlin/libraries/stdlib/js/src/kotlin/collections/AbstractMutableList.kt": [
92
],
"kotlin-kotlin-project:sources/kotlin/kotlin/libraries/stdlib/js/src/kotlin/collections/AbstractMutableMap.kt": [
40,
113
],
"kotlin-kotlin-project:sources/kotlin/kotlin/libraries/stdlib/js/src/kotlin/collections/AbstractMutableSet.kt": [
19
],
"kotlin-kotlin-project:sources/kotlin/kotlin/libraries/stdlib/js/src/kotlin/collections/InternalStringMap.kt": [
112
],
"kotlin-kotlin-project:sources/kotlin/kotlin/libraries/stdlib/src/kotlin/collections/MapWithDefault.kt": [
68,
84
],
"kotlin-kotlin-project:sources/kotlin/kotlin/libraries/stdlib/test/coroutines/CoroutinesReferenceValuesTest.kt": [
17
],
"kotlin-kotlin-project:sources/kotlin/kotlin/libraries/stdlib/test/properties/delegation/lazy/LazyValuesTest.kt": [
92
]
}
