{
"kotlin-kotlin-project:sources/kotlin/kotlin/build-common/src/org/jetbrains/kotlin/incremental/ProtoCompareGenerated.kt": [
49,
54,
59,
73,
78,
106,
111,
116,
130,
135,
144,
151,
176,
181,
186,
191,
205,
219,
224,
269,
276,
301,
306,
311,
316,
330,
344,
349,
367,
372,
379,
384,
391,
396,
403,
408,
413,
418,
423,
437,
442,
447,
465,
470,
477,
482,
489,
494,
499,
504,
509,
514,
519,
533,
538,
543,
548,
562,
571,
580,
585,
590,
595,
602,
613,
632,
637,
679,
684,
689,
694,
699,
704,
709,
714,
719,
724,
729,
734,
739,
753,
780,
787,
792,
806,
824,
859,
866,
871,
876,
881,
914,
919,
928,
933,
938,
943,
952,
957,
962,
967,
972,
977,
982,
987,
998,
1003,
1008,
1013,
1018,
1023,
1032,
1037,
1042,
1059,
1066,
1071,
1080,
1085,
1094,
1099,
1104,
1109,
1114
],
"kotlin-kotlin-project:sources/kotlin/kotlin/build-common/test/org/jetbrains/kotlin/incremental/testingUtils/classFilesComparison.kt": [
64
],
"kotlin-kotlin-project:sources/kotlin/kotlin/buildSrc/src/main/kotlin/pill/kotlinPluginArtifact.kt": [
121
],
"kotlin-kotlin-project:sources/kotlin/kotlin/compiler/backend-common/src/org/jetbrains/kotlin/backend/common/CodegenUtil.kt": [
45
],
"kotlin-kotlin-project:sources/kotlin/kotlin/compiler/backend/src/org/jetbrains/kotlin/codegen/MultifileClassCodegen.kt": [
263
],
"kotlin-kotlin-project:sources/kotlin/kotlin/compiler/backend/src/org/jetbrains/kotlin/codegen/builtinSpecialBridges.kt": [
100
],
"kotlin-kotlin-project:sources/kotlin/kotlin/compiler/backend/src/org/jetbrains/kotlin/codegen/inline/inlineCodegenUtils.kt": [
267
],
"kotlin-kotlin-project:sources/kotlin/kotlin/compiler/cli/src/org/jetbrains/kotlin/cli/jvm/compiler/CliTrace.kt": [
74,
75,
76
],
"kotlin-kotlin-project:sources/kotlin/kotlin/compiler/cli/src/org/jetbrains/kotlin/cli/jvm/index/JvmDependenciesIndexImpl.kt": [
212
],
"kotlin-kotlin-project:sources/kotlin/kotlin/compiler/daemon/daemon-client/src/org/jetbrains/kotlin/daemon/client/KotlinCompilerClient.kt": [
118
],
"kotlin-kotlin-project:sources/kotlin/kotlin/compiler/frontend.java/src/org/jetbrains/kotlin/resolve/jvm/checkers/JavaTypeAccessibilityChecker.kt": [
72
],
"kotlin-kotlin-project:sources/kotlin/kotlin/compiler/frontend.java/src/org/jetbrains/kotlin/resolve/jvm/checkers/declarationCheckers.kt": [
58,
141
],
"kotlin-kotlin-project:sources/kotlin/kotlin/compiler/frontend/src/org/jetbrains/kotlin/cfg/ConstructorConsistencyChecker.kt": [
149,
160
],
"kotlin-kotlin-project:sources/kotlin/kotlin/compiler/frontend/src/org/jetbrains/kotlin/cfg/ControlFlowInformationProvider.kt": [
449,
776,
782
],
"kotlin-kotlin-project:sources/kotlin/kotlin/compiler/frontend/src/org/jetbrains/kotlin/cfg/ControlFlowProcessor.kt": [
1247
],
"kotlin-kotlin-project:sources/kotlin/kotlin/compiler/frontend/src/org/jetbrains/kotlin/cfg/PseudocodeVariablesData.kt": [
250
],
"kotlin-kotlin-project:sources/kotlin/kotlin/compiler/frontend/src/org/jetbrains/kotlin/cfg/pseudocode/PseudocodeImpl.kt": [
163
],
"kotlin-kotlin-project:sources/kotlin/kotlin/compiler/frontend/src/org/jetbrains/kotlin/diagnostics/PositioningStrategies.kt": [
37,
536,
549
],
"kotlin-kotlin-project:sources/kotlin/kotlin/compiler/frontend/src/org/jetbrains/kotlin/resolve/DeclarationsChecker.kt": [
608,
898
],
"kotlin-kotlin-project:sources/kotlin/kotlin/compiler/frontend/src/org/jetbrains/kotlin/resolve/FunctionDescriptorResolver.kt": [
397
],
"kotlin-kotlin-project:sources/kotlin/kotlin/compiler/frontend/src/org/jetbrains/kotlin/resolve/ModifiersChecker.kt": [
284
],
"kotlin-kotlin-project:sources/kotlin/kotlin/compiler/frontend/src/org/jetbrains/kotlin/resolve/QualifiedExpressionResolver.kt": [
411
],
"kotlin-kotlin-project:sources/kotlin/kotlin/compiler/frontend/src/org/jetbrains/kotlin/resolve/calls/CandidateResolver.kt": [
285,
296,
315
],
"kotlin-kotlin-project:sources/kotlin/kotlin/compiler/frontend/src/org/jetbrains/kotlin/resolve/calls/checkers/CapturingInClosureChecker.kt": [
44
],
"kotlin-kotlin-project:sources/kotlin/kotlin/compiler/frontend/src/org/jetbrains/kotlin/resolve/calls/checkers/InlineChecker.kt": [
279
],
"kotlin-kotlin-project:sources/kotlin/kotlin/compiler/frontend/src/org/jetbrains/kotlin/resolve/calls/checkers/OperatorCallChecker.kt": [
73
],
"kotlin-kotlin-project:sources/kotlin/kotlin/compiler/frontend/src/org/jetbrains/kotlin/resolve/calls/inference/TypeBoundsImpl.kt": [
95
],
"kotlin-kotlin-project:sources/kotlin/kotlin/compiler/frontend/src/org/jetbrains/kotlin/resolve/calls/tower/NewResolutionOldInference.kt": [
206
],
"kotlin-kotlin-project:sources/kotlin/kotlin/compiler/frontend/src/org/jetbrains/kotlin/resolve/calls/util/callUtil.kt": [
240
],
"kotlin-kotlin-project:sources/kotlin/kotlin/compiler/frontend/src/org/jetbrains/kotlin/resolve/checkers/ExperimentalUsageChecker.kt": [
247
],
"kotlin-kotlin-project:sources/kotlin/kotlin/compiler/frontend/src/org/jetbrains/kotlin/resolve/constants/evaluate/ConstantExpressionEvaluator.kt": [
463
],
"kotlin-kotlin-project:sources/kotlin/kotlin/compiler/frontend/src/org/jetbrains/kotlin/resolve/deprecationUtil.kt": [
286
],
"kotlin-kotlin-project:sources/kotlin/kotlin/compiler/frontend/src/org/jetbrains/kotlin/resolve/diagnostics/KotlinSuppressCache.kt": [
65
],
"kotlin-kotlin-project:sources/kotlin/kotlin/compiler/frontend/src/org/jetbrains/kotlin/resolve/lazy/LazyImportScope.kt": [
114
],
"kotlin-kotlin-project:sources/kotlin/kotlin/compiler/frontend/src/org/jetbrains/kotlin/resolve/sinceKotlinUtil.kt": [
77
],
"kotlin-kotlin-project:sources/kotlin/kotlin/compiler/frontend/src/org/jetbrains/kotlin/storage/ExceptionTracker.kt": [
20
],
"kotlin-kotlin-project:sources/kotlin/kotlin/compiler/frontend/src/org/jetbrains/kotlin/types/expressions/DoubleColonExpressionResolver.kt": [
149,
556
],
"kotlin-kotlin-project:sources/kotlin/kotlin/compiler/frontend/src/org/jetbrains/kotlin/types/expressions/FunctionsTypingVisitor.kt": [
215
],
"kotlin-kotlin-project:sources/kotlin/kotlin/compiler/frontend/src/org/jetbrains/kotlin/types/expressions/LabelResolver.kt": [
155
],
"kotlin-kotlin-project:sources/kotlin/kotlin/compiler/frontend/src/org/jetbrains/kotlin/types/expressions/PatternMatchingTypingVisitor.kt": [
258
],
"kotlin-kotlin-project:sources/kotlin/kotlin/compiler/frontend/src/org/jetbrains/kotlin/util/slicedMap/OpenAddressLinearProbingHashTable.kt": [
80
],
"kotlin-kotlin-project:sources/kotlin/kotlin/compiler/ir/backend.js/src/org/jetbrains/kotlin/ir/backend/js/lower/SecondaryCtorLowering.kt": [
204
],
"kotlin-kotlin-project:sources/kotlin/kotlin/compiler/ir/backend.jvm/src/org/jetbrains/kotlin/backend/jvm/codegen/ClassCodegen.kt": [
247,
257
],
"kotlin-kotlin-project:sources/kotlin/kotlin/compiler/ir/backend.jvm/src/org/jetbrains/kotlin/backend/jvm/lower/BridgeLowering.kt": [
105
],
"kotlin-kotlin-project:sources/kotlin/kotlin/compiler/light-classes/src/org/jetbrains/kotlin/asJava/classes/KtLightClassBase.kt": [
63
],
"kotlin-kotlin-project:sources/kotlin/kotlin/compiler/light-classes/src/org/jetbrains/kotlin/asJava/classes/KtLightClassForSourceDeclaration.kt": [
402
],
"kotlin-kotlin-project:sources/kotlin/kotlin/compiler/psi/src/org/jetbrains/kotlin/psi/KtCodeFragment.kt": [
142
],
"kotlin-kotlin-project:sources/kotlin/kotlin/compiler/resolution/src/org/jetbrains/kotlin/resolve/calls/components/ResolutionParts.kt": [
33,
360
],
"kotlin-kotlin-project:sources/kotlin/kotlin/compiler/resolution/src/org/jetbrains/kotlin/resolve/calls/components/SimpleArgumentsChecks.kt": [
63
],
"kotlin-kotlin-project:sources/kotlin/kotlin/compiler/resolution/src/org/jetbrains/kotlin/resolve/calls/inference/components/KotlinConstraintSystemCompleter.kt": [
81
],
"kotlin-kotlin-project:sources/kotlin/kotlin/compiler/resolution/src/org/jetbrains/kotlin/resolve/calls/results/FlatSignature.kt": [
144
],
"kotlin-kotlin-project:sources/kotlin/kotlin/compiler/resolution/src/org/jetbrains/kotlin/types/TypeApproximator.kt": [
249
],
"kotlin-kotlin-project:sources/kotlin/kotlin/compiler/tests-common/tests/org/jetbrains/kotlin/renderer/AbstractDescriptorRendererTest.kt": [
120,
122
],
"kotlin-kotlin-project:sources/kotlin/kotlin/compiler/tests/org/jetbrains/kotlin/util/KotlinVersionsTest.kt": [
93
],
"kotlin-kotlin-project:sources/kotlin/kotlin/core/descriptors.jvm/src/org/jetbrains/kotlin/load/java/lazy/types/JavaTypeResolver.kt": [
160
],
"kotlin-kotlin-project:sources/kotlin/kotlin/core/descriptors/src/org/jetbrains/kotlin/renderer/DescriptorRendererImpl.kt": [
480
],
"kotlin-kotlin-project:sources/kotlin/kotlin/core/descriptors/src/org/jetbrains/kotlin/resolve/DescriptorUtils.kt": [
423
],
"kotlin-kotlin-project:sources/kotlin/kotlin/core/reflection.jvm/src/kotlin/reflect/jvm/internal/KPropertyImpl.kt": [
90
],
"kotlin-kotlin-project:sources/kotlin/kotlin/idea/formatter/src/org/jetbrains/kotlin/idea/formatter/KotlinCommonBlock.kt": [
208,
608
],
"kotlin-kotlin-project:sources/kotlin/kotlin/idea/formatter/src/org/jetbrains/kotlin/idea/formatter/NodeIndentStrategy.kt": [
108,
123
],
"kotlin-kotlin-project:sources/kotlin/kotlin/idea/ide-common/src/org/jetbrains/kotlin/resolve/lazy/PartialBodyResolveFilter.kt": [
93
],
"kotlin-kotlin-project:sources/kotlin/kotlin/idea/idea-analysis/src/org/jetbrains/kotlin/idea/decompiler/navigation/SourceNavigationHelper.kt": [
138
],
"kotlin-kotlin-project:sources/kotlin/kotlin/idea/idea-analysis/src/org/jetbrains/kotlin/idea/decompiler/textBuilder/buildDecompiledText.kt": [
82
],
"kotlin-kotlin-project:sources/kotlin/kotlin/idea/idea-analysis/src/org/jetbrains/kotlin/idea/highlighter/KotlinChangeLocalityDetector.kt": [
27
],
"kotlin-kotlin-project:sources/kotlin/kotlin/idea/idea-analysis/src/org/jetbrains/kotlin/idea/highlighter/VariablesHighlightingVisitor.kt": [
43
],
"kotlin-kotlin-project:sources/kotlin/kotlin/idea/idea-analysis/src/org/jetbrains/kotlin/idea/project/ResolveElementCache.kt": [
425,
488
],
"kotlin-kotlin-project:sources/kotlin/kotlin/idea/idea-analysis/src/org/jetbrains/kotlin/idea/references/KtSimpleNameReference.kt": [
125
],
"kotlin-kotlin-project:sources/kotlin/kotlin/idea/idea-analysis/src/org/jetbrains/kotlin/idea/search/declarationsSearch/overridersSearch.kt": [
141,
169
],
"kotlin-kotlin-project:sources/kotlin/kotlin/idea/idea-analysis/src/org/jetbrains/kotlin/idea/search/ideaExtensions/KotlinReferencesSearcher.kt": [
116
],
"kotlin-kotlin-project:sources/kotlin/kotlin/idea/idea-analysis/src/org/jetbrains/kotlin/idea/search/usagesSearch/utils.kt": [
187,
195
],
"kotlin-kotlin-project:sources/kotlin/kotlin/idea/idea-completion/src/org/jetbrains/kotlin/idea/completion/CompletionSession.kt": [
170
],
"kotlin-kotlin-project:sources/kotlin/kotlin/idea/idea-completion/src/org/jetbrains/kotlin/idea/completion/InsertHandlerProvider.kt": [
54
],
"kotlin-kotlin-project:sources/kotlin/kotlin/idea/idea-completion/src/org/jetbrains/kotlin/idea/completion/handlers/KotlinClassifierInsertHandler.kt": [
46
],
"kotlin-kotlin-project:sources/kotlin/kotlin/idea/idea-completion/src/org/jetbrains/kotlin/idea/completion/handlers/KotlinFunctionInsertHandler.kt": [
105
],
"kotlin-kotlin-project:sources/kotlin/kotlin/idea/idea-core/src/org/jetbrains/kotlin/idea/core/psiModificationUtils.kt": [
376
],
"kotlin-kotlin-project:sources/kotlin/kotlin/idea/idea-jvm/src/org/jetbrains/kotlin/idea/KotlinExtraSteppingFilter.kt": [
72
],
"kotlin-kotlin-project:sources/kotlin/kotlin/idea/idea-jvm/src/org/jetbrains/kotlin/idea/debugger/KotlinFrameExtraVariablesProvider.kt": [
143,
168
],
"kotlin-kotlin-project:sources/kotlin/kotlin/idea/idea-jvm/src/org/jetbrains/kotlin/idea/debugger/evaluate/KotlinEvaluationBuilder.kt": [
359
],
"kotlin-kotlin-project:sources/kotlin/kotlin/idea/idea-jvm/src/org/jetbrains/kotlin/idea/debugger/evaluate/classLoading/ClassLoadingAdapter.kt": [
69
],
"kotlin-kotlin-project:sources/kotlin/kotlin/idea/idea-jvm/src/org/jetbrains/kotlin/idea/debugger/render/KotlinClassWithDelegatedPropertyRenderer.kt": [
79
],
"kotlin-kotlin-project:sources/kotlin/kotlin/idea/idea-jvm/src/org/jetbrains/kotlin/idea/debugger/stepping/RequestHintWithMethodFilter.kt": [
67
],
"kotlin-kotlin-project:sources/kotlin/kotlin/idea/idea-jvm/src/org/jetbrains/kotlin/idea/injection/KotlinLanguageInjectionSupport.kt": [
216
],
"kotlin-kotlin-project:sources/kotlin/kotlin/idea/idea-jvm/src/org/jetbrains/kotlin/idea/inspections/api/IncompatibleAPIJavaVisitor.kt": [
98
],
"kotlin-kotlin-project:sources/kotlin/kotlin/idea/idea-jvm/src/org/jetbrains/kotlin/idea/quickfix/ChangeCoroutineSupportFix.kt": [
46
],
"kotlin-kotlin-project:sources/kotlin/kotlin/idea/idea-jvm/src/org/jetbrains/kotlin/idea/quickfix/EnableUnsupportedFeatureFix.kt": [
127
],
"kotlin-kotlin-project:sources/kotlin/kotlin/idea/idea-maven/src/org/jetbrains/kotlin/idea/maven/actions/MavenPluginSourcesSwap.kt": [
142,
147
],
"kotlin-kotlin-project:sources/kotlin/kotlin/idea/src/org/jetbrains/kotlin/idea/KotlinFoldingBuilder.kt": [
199
],
"kotlin-kotlin-project:sources/kotlin/kotlin/idea/src/org/jetbrains/kotlin/idea/KotlinPluginUpdater.kt": [
111
],
"kotlin-kotlin-project:sources/kotlin/kotlin/idea/src/org/jetbrains/kotlin/idea/actions/internal/SearchNotPropertyCandidatesAction.kt": [
126,
147
],
"kotlin-kotlin-project:sources/kotlin/kotlin/idea/src/org/jetbrains/kotlin/idea/codeInliner/CodeInliner.kt": [
265
],
"kotlin-kotlin-project:sources/kotlin/kotlin/idea/src/org/jetbrains/kotlin/idea/codeInliner/UsageReplacementStrategy.kt": [
189
],
"kotlin-kotlin-project:sources/kotlin/kotlin/idea/src/org/jetbrains/kotlin/idea/codeInsight/KotlinBreadcrumbsInfoProvider.kt": [
147
],
"kotlin-kotlin-project:sources/kotlin/kotlin/idea/src/org/jetbrains/kotlin/idea/codeInsight/KotlinCopyPasteReferenceProcessor.kt": [
269
],
"kotlin-kotlin-project:sources/kotlin/kotlin/idea/src/org/jetbrains/kotlin/idea/codeInsight/postfix/KtPostfixTemplateProvider.kt": [
146
],
"kotlin-kotlin-project:sources/kotlin/kotlin/idea/src/org/jetbrains/kotlin/idea/conversion/copy/ConvertJavaCopyPasteProcessor.kt": [
133,
138
],
"kotlin-kotlin-project:sources/kotlin/kotlin/idea/src/org/jetbrains/kotlin/idea/editor/KotlinLiteralCopyPasteProcessor.kt": [
246
],
"kotlin-kotlin-project:sources/kotlin/kotlin/idea/src/org/jetbrains/kotlin/idea/editor/KotlinRawStringBackspaceHandler.kt": [
42
],
"kotlin-kotlin-project:sources/kotlin/kotlin/idea/src/org/jetbrains/kotlin/idea/editor/fixers/KotlinFunctionDeclarationBodyFixer.kt": [
37
],
"kotlin-kotlin-project:sources/kotlin/kotlin/idea/src/org/jetbrains/kotlin/idea/editor/fixers/KotlinMissingIfBranchFixer.kt": [
34
],
"kotlin-kotlin-project:sources/kotlin/kotlin/idea/src/org/jetbrains/kotlin/idea/editor/fixers/KotlinPropertySetterBodyFixer.kt": [
40
],
"kotlin-kotlin-project:sources/kotlin/kotlin/idea/src/org/jetbrains/kotlin/idea/findUsages/handlers/KotlinFindClassUsagesHandler.kt": [
94
],
"kotlin-kotlin-project:sources/kotlin/kotlin/idea/src/org/jetbrains/kotlin/idea/hierarchy/calls/KotlinCallerTreeStructure.kt": [
64
],
"kotlin-kotlin-project:sources/kotlin/kotlin/idea/src/org/jetbrains/kotlin/idea/highlighter/markers/KotlinLineMarkerProvider.kt": [
56
],
"kotlin-kotlin-project:sources/kotlin/kotlin/idea/src/org/jetbrains/kotlin/idea/imports/KotlinImportOptimizer.kt": [
141
],
"kotlin-kotlin-project:sources/kotlin/kotlin/idea/src/org/jetbrains/kotlin/idea/inspections/CanBeParameterInspection.kt": [
46
],
"kotlin-kotlin-project:sources/kotlin/kotlin/idea/src/org/jetbrains/kotlin/idea/inspections/CanBeValInspection.kt": [
118
],
"kotlin-kotlin-project:sources/kotlin/kotlin/idea/src/org/jetbrains/kotlin/idea/inspections/RedundantSamConstructorInspection.kt": [
183
],
"kotlin-kotlin-project:sources/kotlin/kotlin/idea/src/org/jetbrains/kotlin/idea/inspections/RedundantSemicolonInspection.kt": [
63
],
"kotlin-kotlin-project:sources/kotlin/kotlin/idea/src/org/jetbrains/kotlin/idea/inspections/SimplifyAssertNotNullInspection.kt": [
59
],
"kotlin-kotlin-project:sources/kotlin/kotlin/idea/src/org/jetbrains/kotlin/idea/inspections/UnusedSymbolInspection.kt": [
272
],
"kotlin-kotlin-project:sources/kotlin/kotlin/idea/src/org/jetbrains/kotlin/idea/inspections/UseExpressionBodyInspection.kt": [
184
],
"kotlin-kotlin-project:sources/kotlin/kotlin/idea/src/org/jetbrains/kotlin/idea/inspections/collections/SimplifiableCallChainInspection.kt": [
25,
30
],
"kotlin-kotlin-project:sources/kotlin/kotlin/idea/src/org/jetbrains/kotlin/idea/inspections/collections/UselessCallOnCollectionInspection.kt": [
60
],
"kotlin-kotlin-project:sources/kotlin/kotlin/idea/src/org/jetbrains/kotlin/idea/inspections/kdoc/KDocMissingDocumentationInspection.kt": [
40
],
"kotlin-kotlin-project:sources/kotlin/kotlin/idea/src/org/jetbrains/kotlin/idea/intentions/ConvertPropertyToFunctionIntention.kt": [
68
],
"kotlin-kotlin-project:sources/kotlin/kotlin/idea/src/org/jetbrains/kotlin/idea/intentions/ConvertTwoComparisonsToRangeCheckIntention.kt": [
159
],
"kotlin-kotlin-project:sources/kotlin/kotlin/idea/src/org/jetbrains/kotlin/idea/intentions/InvertIfConditionIntention.kt": [
144
],
"kotlin-kotlin-project:sources/kotlin/kotlin/idea/src/org/jetbrains/kotlin/idea/intentions/loopToCallChain/matchAndConvert.kt": [
284,
291
],
"kotlin-kotlin-project:sources/kotlin/kotlin/idea/src/org/jetbrains/kotlin/idea/j2k/J2kPostProcessings.kt": [
364
],
"kotlin-kotlin-project:sources/kotlin/kotlin/idea/src/org/jetbrains/kotlin/idea/projectView/KtClassOrObjectTreeNode.kt": [
100
],
"kotlin-kotlin-project:sources/kotlin/kotlin/idea/src/org/jetbrains/kotlin/idea/quickfix/AddModifierFix.kt": [
121
],
"kotlin-kotlin-project:sources/kotlin/kotlin/idea/src/org/jetbrains/kotlin/idea/quickfix/ImportFix.kt": [
252
],
"kotlin-kotlin-project:sources/kotlin/kotlin/idea/src/org/jetbrains/kotlin/idea/quickfix/QuickFixFactoryForTypeMismatchError.kt": [
211
],
"kotlin-kotlin-project:sources/kotlin/kotlin/idea/src/org/jetbrains/kotlin/idea/quickfix/SuperClassNotInitialized.kt": [
127
],
"kotlin-kotlin-project:sources/kotlin/kotlin/idea/src/org/jetbrains/kotlin/idea/quickfix/createFromUsage/callableBuilder/CallableBuilder.kt": [
1101
],
"kotlin-kotlin-project:sources/kotlin/kotlin/idea/src/org/jetbrains/kotlin/idea/refactoring/changeSignature/ui/KotlinChangeSignatureDialog.kt": [
334
],
"kotlin-kotlin-project:sources/kotlin/kotlin/idea/src/org/jetbrains/kotlin/idea/refactoring/introduce/extractionEngine/duplicateUtil.kt": [
105
],
"kotlin-kotlin-project:sources/kotlin/kotlin/idea/src/org/jetbrains/kotlin/idea/refactoring/introduce/introduceVariable/KotlinIntroduceVariableHandler.kt": [
264,
269
],
"kotlin-kotlin-project:sources/kotlin/kotlin/idea/src/org/jetbrains/kotlin/idea/refactoring/move/moveUtils.kt": [
149,
160
],
"kotlin-kotlin-project:sources/kotlin/kotlin/idea/src/org/jetbrains/kotlin/idea/refactoring/pullUp/KotlinPullUpHelper.kt": [
248
],
"kotlin-kotlin-project:sources/kotlin/kotlin/idea/src/org/jetbrains/kotlin/idea/refactoring/pullUp/pullUpConflictsUtils.kt": [
200
],
"kotlin-kotlin-project:sources/kotlin/kotlin/idea/src/org/jetbrains/kotlin/idea/refactoring/pushDown/pushDownImpl.kt": [
56
],
"kotlin-kotlin-project:sources/kotlin/kotlin/idea/tests/org/jetbrains/kotlin/idea/inspections/InspectionDescriptionTest.kt": [
142
],
"kotlin-kotlin-project:sources/kotlin/kotlin/idea/tests/org/jetbrains/kotlin/idea/refactoring/AbstractNameSuggestionProviderTest.kt": [
33
],
"kotlin-kotlin-project:sources/kotlin/kotlin/j2k/src/org/jetbrains/kotlin/j2k/CodeConverter.kt": [
130
],
"kotlin-kotlin-project:sources/kotlin/kotlin/j2k/src/org/jetbrains/kotlin/j2k/Converter.kt": [
500,
681
],
"kotlin-kotlin-project:sources/kotlin/kotlin/j2k/src/org/jetbrains/kotlin/j2k/ExpressionConverter.kt": [
138,
156,
594
],
"kotlin-kotlin-project:sources/kotlin/kotlin/j2k/src/org/jetbrains/kotlin/j2k/TypeConverter.kt": [
353
],
"kotlin-kotlin-project:sources/kotlin/kotlin/j2k/src/org/jetbrains/kotlin/j2k/propertyDetection.kt": [
199
],
"kotlin-kotlin-project:sources/kotlin/kotlin/jps-plugin/src/org/jetbrains/kotlin/jps/platforms/KotlinJvmModuleBuildTarget.kt": [
65
],
"kotlin-kotlin-project:sources/kotlin/kotlin/js/js.dce/src/org/jetbrains/kotlin/js/dce/Analyzer.kt": [
406
],
"kotlin-kotlin-project:sources/kotlin/kotlin/js/js.frontend/src/org/jetbrains/kotlin/js/resolve/diagnostics/JsBuiltinNameClashChecker.kt": [
42
],
"kotlin-kotlin-project:sources/kotlin/kotlin/js/js.frontend/src/org/jetbrains/kotlin/js/resolve/diagnostics/JsExternalChecker.kt": [
44
],
"kotlin-kotlin-project:sources/kotlin/kotlin/js/js.frontend/src/org/jetbrains/kotlin/js/resolve/diagnostics/JsNameClashChecker.kt": [
161
],
"kotlin-kotlin-project:sources/kotlin/kotlin/js/js.inliner/src/org/jetbrains/kotlin/js/coroutine/CoroutineTransformer.kt": [
53
],
"kotlin-kotlin-project:sources/kotlin/kotlin/js/js.inliner/src/org/jetbrains/kotlin/js/inline/clean/DoWhileGuardElimination.kt": [
77
],
"kotlin-kotlin-project:sources/kotlin/kotlin/js/js.inliner/src/org/jetbrains/kotlin/js/inline/clean/EmptyStatementElimination.kt": [
31
],
"kotlin-kotlin-project:sources/kotlin/kotlin/js/js.inliner/src/org/jetbrains/kotlin/js/inline/clean/TemporaryVariableElimination.kt": [
464
],
"kotlin-kotlin-project:sources/kotlin/kotlin/js/js.translator/src/org/jetbrains/kotlin/js/translate/declaration/ClassModelGenerator.kt": [
57,
266
],
"kotlin-kotlin-project:sources/kotlin/kotlin/js/js.translator/src/org/jetbrains/kotlin/js/translate/declaration/DeclarationBodyVisitor.kt": [
47
],
"kotlin-kotlin-project:sources/kotlin/kotlin/libraries/stdlib/jvm/src/kotlin/io/files/Utils.kt": [
300
],
"kotlin-kotlin-project:sources/kotlin/kotlin/libraries/stdlib/jvm/src/kotlin/util/AssertionsJVM.kt": [
32
],
"kotlin-kotlin-project:sources/kotlin/kotlin/libraries/stdlib/jvm/test/io/Files.kt": [
466
],
"kotlin-kotlin-project:sources/kotlin/kotlin/libraries/stdlib/src/kotlin/collections/SlidingWindow.kt": [
41
],
"kotlin-kotlin-project:sources/kotlin/kotlin/libraries/tools/kotlin-gradle-plugin/src/main/kotlin/org/jetbrains/kotlin/gradle/internal/Kapt3KotlinGradleSubplugin.kt": [
386
],
"kotlin-kotlin-project:sources/kotlin/kotlin/libraries/tools/kotlin-stdlib-gen/src/templates/Aggregates.kt": [
247
],
"kotlin-kotlin-project:sources/kotlin/kotlin/plugins/android-extensions/android-extensions-compiler/src/org/jetbrains/kotlin/android/parcel/ParcelableAnnotationChecker.kt": [
97
],
"kotlin-kotlin-project:sources/kotlin/kotlin/plugins/android-extensions/android-extensions-compiler/src/org/jetbrains/kotlin/android/parcel/ParcelableCodegenExtension.kt": [
196
],
"kotlin-kotlin-project:sources/kotlin/kotlin/plugins/android-extensions/android-extensions-compiler/src/org/jetbrains/kotlin/android/synthetic/res/AndroidLayoutXmlFileManager.kt": [
122
],
"kotlin-kotlin-project:sources/kotlin/kotlin/plugins/android-extensions/android-extensions-idea/src/org/jetbrains/kotlin/android/parcel/quickfixes/ParcelMigrateToParcelizeQuickFix.kt": [
273
],
"kotlin-kotlin-project:sources/kotlin/kotlin/plugins/android-extensions/android-extensions-idea/src/org/jetbrains/kotlin/android/synthetic/idea/AndroidPsiTreeChangePreprocessor.kt": [
48
],
"kotlin-kotlin-project:sources/kotlin/kotlin/plugins/kapt3/kapt3-compiler/src/org/jetbrains/kotlin/kapt3/javac/KaptJavaLog.kt": [
92
],
"kotlin-kotlin-project:sources/kotlin/kotlin/plugins/kapt3/kapt3-compiler/src/org/jetbrains/kotlin/kapt3/stubs/ClassFileToSourceStubConverter.kt": [
750
]
}
