{
'kotlin-kotlin-project:sources/kotlin/kotlin/compiler/backend/src/org/jetbrains/kotlin/codegen/InnerClassConsumer.kt':[
31,
],
'kotlin-kotlin-project:sources/kotlin/kotlin/compiler/backend/src/org/jetbrains/kotlin/codegen/PackagePartRegistry.kt':[
19,
],
'kotlin-kotlin-project:sources/kotlin/kotlin/compiler/backend/src/org/jetbrains/kotlin/codegen/extensions/ClassBuilderInterceptorExtension.kt':[
24,
],
'kotlin-kotlin-project:sources/kotlin/kotlin/compiler/backend/src/org/jetbrains/kotlin/codegen/optimization/boxing/PopBackwardPropagationTransformer.kt':[
42,
],
'kotlin-kotlin-project:sources/kotlin/kotlin/compiler/backend/src/org/jetbrains/kotlin/codegen/optimization/common/TrackedReferenceValue.kt':[
21,
],
'kotlin-kotlin-project:sources/kotlin/kotlin/compiler/backend/src/org/jetbrains/kotlin/codegen/range/inExpression/InExpressionGenerator.kt':[
22,
],
'kotlin-kotlin-project:sources/kotlin/kotlin/compiler/backend/src/org/jetbrains/kotlin/codegen/state/IncompatibleClassTracker.kt':[
26,
],
'kotlin-kotlin-project:sources/kotlin/kotlin/compiler/cli/cli-common/src/org/jetbrains/kotlin/cli/common/repl/ReplApi.kt':[
50,
56,
81,
116,
164,
173,
205,
],
'kotlin-kotlin-project:sources/kotlin/kotlin/compiler/cli/cli-runner/src/org/jetbrains/kotlin/runner/Runner.kt':[
21,
],
'kotlin-kotlin-project:sources/kotlin/kotlin/compiler/cli/src/org/jetbrains/kotlin/cli/common/messages/DiagnosticMessageReporter.kt':[
22,
],
'kotlin-kotlin-project:sources/kotlin/kotlin/compiler/cli/src/org/jetbrains/kotlin/cli/common/performanceMeasurements.kt':[
8,
],
'kotlin-kotlin-project:sources/kotlin/kotlin/compiler/cli/src/org/jetbrains/kotlin/cli/jvm/repl/ReplExceptionReporter.kt':[
23,
],
'kotlin-kotlin-project:sources/kotlin/kotlin/compiler/cli/src/org/jetbrains/kotlin/cli/jvm/repl/configuration/SnippetExecutionInterceptor.kt':[
19,
],
'kotlin-kotlin-project:sources/kotlin/kotlin/compiler/container/src/org/jetbrains/kotlin/container/Container.kt':[
27,
],
'kotlin-kotlin-project:sources/kotlin/kotlin/compiler/container/src/org/jetbrains/kotlin/container/Descriptors.kt':[
21,
],
'kotlin-kotlin-project:sources/kotlin/kotlin/compiler/container/src/org/jetbrains/kotlin/container/Resolve.kt':[
25,
29,
],
'kotlin-kotlin-project:sources/kotlin/kotlin/compiler/daemon/src/org/jetbrains/kotlin/daemon/report/DaemonMessageReporter.kt':[
22,
],
'kotlin-kotlin-project:sources/kotlin/kotlin/compiler/frontend.java/src/org/jetbrains/kotlin/load/java/sam/SamWithReceiverResolver.kt':[
21,
],
'kotlin-kotlin-project:sources/kotlin/kotlin/compiler/frontend.java/src/org/jetbrains/kotlin/resolve/jvm/extensions/PackageFragmentProviderExtension.kt':[
28,
],
'kotlin-kotlin-project:sources/kotlin/kotlin/compiler/frontend.java/src/org/jetbrains/kotlin/resolve/jvm/jvmSignature/KotlinToJvmSignatureMapper.kt':[
22,
],
'kotlin-kotlin-project:sources/kotlin/kotlin/compiler/frontend.java/src/org/jetbrains/kotlin/resolve/jvm/modules/JavaModuleFinder.kt':[
19,
],
'kotlin-kotlin-project:sources/kotlin/kotlin/compiler/frontend.java/src/org/jetbrains/kotlin/resolve/jvm/modules/JavaModuleResolver.kt':[
24,
],
'kotlin-kotlin-project:sources/kotlin/kotlin/compiler/frontend.script/src/org/jetbrains/kotlin/script/ScriptReportSink.kt':[
22,
],
'kotlin-kotlin-project:sources/kotlin/kotlin/compiler/frontend.script/src/org/jetbrains/kotlin/script/scriptTemplate.kt':[
66,
80,
],
'kotlin-kotlin-project:sources/kotlin/kotlin/compiler/frontend/src/org/jetbrains/kotlin/analyzer/AnalyzerFacade.kt':[
392,
400,
420,
],
'kotlin-kotlin-project:sources/kotlin/kotlin/compiler/frontend/src/org/jetbrains/kotlin/cfg/pseudocode/PseudoValue.kt':[
28,
],
'kotlin-kotlin-project:sources/kotlin/kotlin/compiler/frontend/src/org/jetbrains/kotlin/contracts/parsing/PsiEffectParser.kt':[
23,
],
'kotlin-kotlin-project:sources/kotlin/kotlin/compiler/frontend/src/org/jetbrains/kotlin/diagnostics/rendering/DiagnosticParameterRenderer.kt':[
19,
],
'kotlin-kotlin-project:sources/kotlin/kotlin/compiler/frontend/src/org/jetbrains/kotlin/diagnostics/rendering/diagnosticsWithParameterRenderers.kt':[
88,
],
'kotlin-kotlin-project:sources/kotlin/kotlin/compiler/frontend/src/org/jetbrains/kotlin/extensions/CompilerConfigurationExtension.kt':[
10,
],
'kotlin-kotlin-project:sources/kotlin/kotlin/compiler/frontend/src/org/jetbrains/kotlin/extensions/StorageComponentContainerContributor.kt':[
23,
],
'kotlin-kotlin-project:sources/kotlin/kotlin/compiler/frontend/src/org/jetbrains/kotlin/load/kotlin/MetadataFinderFactory.kt':[
22,
],
'kotlin-kotlin-project:sources/kotlin/kotlin/compiler/frontend/src/org/jetbrains/kotlin/resolve/AnnotationChecker.kt':[
385,
],
'kotlin-kotlin-project:sources/kotlin/kotlin/compiler/frontend/src/org/jetbrains/kotlin/resolve/BodyResolveCache.kt':[
21,
],
'kotlin-kotlin-project:sources/kotlin/kotlin/compiler/frontend/src/org/jetbrains/kotlin/resolve/DeclarationReturnTypeSanitizer.kt':[
24,
],
'kotlin-kotlin-project:sources/kotlin/kotlin/compiler/frontend/src/org/jetbrains/kotlin/resolve/DelegationResolver.kt':[
106,
110,
],
'kotlin-kotlin-project:sources/kotlin/kotlin/compiler/frontend/src/org/jetbrains/kotlin/resolve/FilePreprocessor.kt':[
13,
],
'kotlin-kotlin-project:sources/kotlin/kotlin/compiler/frontend/src/org/jetbrains/kotlin/resolve/ModifiersChecker.kt':[
458,
],
'kotlin-kotlin-project:sources/kotlin/kotlin/compiler/frontend/src/org/jetbrains/kotlin/resolve/ModuleAnnotationsResolver.kt':[
13,
],
'kotlin-kotlin-project:sources/kotlin/kotlin/compiler/frontend/src/org/jetbrains/kotlin/resolve/OverloadFilter.kt':[
22,
],
'kotlin-kotlin-project:sources/kotlin/kotlin/compiler/frontend/src/org/jetbrains/kotlin/resolve/OverridesBackwardCompatibilityHelper.kt':[
21,
],
'kotlin-kotlin-project:sources/kotlin/kotlin/compiler/frontend/src/org/jetbrains/kotlin/resolve/calls/checkers/CallChecker.kt':[
33,
],
'kotlin-kotlin-project:sources/kotlin/kotlin/compiler/frontend/src/org/jetbrains/kotlin/resolve/calls/checkers/RttiExpressionChecker.kt':[
24,
],
'kotlin-kotlin-project:sources/kotlin/kotlin/compiler/frontend/src/org/jetbrains/kotlin/resolve/calls/model/ArgumentMapping.kt':[
22,
],
'kotlin-kotlin-project:sources/kotlin/kotlin/compiler/frontend/src/org/jetbrains/kotlin/resolve/checkers/ClassifierUsageChecker.kt':[
31,
],
'kotlin-kotlin-project:sources/kotlin/kotlin/compiler/frontend/src/org/jetbrains/kotlin/resolve/checkers/DeclarationChecker.kt':[
27,
],
'kotlin-kotlin-project:sources/kotlin/kotlin/compiler/frontend/src/org/jetbrains/kotlin/resolve/diagnostics/KotlinSuppressCache.kt':[
36,
],
'kotlin-kotlin-project:sources/kotlin/kotlin/compiler/frontend/src/org/jetbrains/kotlin/resolve/inline/ReasonableInlineRule.kt':[
23,
],
'kotlin-kotlin-project:sources/kotlin/kotlin/compiler/frontend/src/org/jetbrains/kotlin/resolve/lazy/AbsentDescriptorHandler.kt':[
13,
],
'kotlin-kotlin-project:sources/kotlin/kotlin/compiler/frontend/src/org/jetbrains/kotlin/resolve/lazy/DelegationFilter.kt':[
22,
],
'kotlin-kotlin-project:sources/kotlin/kotlin/compiler/frontend/src/org/jetbrains/kotlin/resolve/lazy/FileScopeProvider.kt':[
56,
],
'kotlin-kotlin-project:sources/kotlin/kotlin/compiler/frontend/src/org/jetbrains/kotlin/resolve/lazy/LocalDescriptorResolver.kt':[
25,
],
'kotlin-kotlin-project:sources/kotlin/kotlin/compiler/frontend/src/org/jetbrains/kotlin/resolve/lazy/descriptors/LazyClassMemberScope.kt':[
127,
],
'kotlin-kotlin-project:sources/kotlin/kotlin/compiler/frontend/src/org/jetbrains/kotlin/types/expressions/ClassLiteralChecker.kt':[
23,
],
'kotlin-kotlin-project:sources/kotlin/kotlin/compiler/incremental-compilation-impl/src/org/jetbrains/kotlin/incremental/multiproject/ModulesApiHistory.kt':[
15,
],
'kotlin-kotlin-project:sources/kotlin/kotlin/compiler/incremental-compilation-impl/src/org/jetbrains/kotlin/incremental/snapshots/FileSnapshotProvider.kt':[
21,
],
'kotlin-kotlin-project:sources/kotlin/kotlin/compiler/ir/backend.common/src/org/jetbrains/kotlin/backend/common/Lower.kt':[
29,
33,
37,
41,
45,
],
'kotlin-kotlin-project:sources/kotlin/kotlin/compiler/ir/backend.common/src/org/jetbrains/kotlin/backend/common/lower/LocalDeclarationsLowering.kt':[
41,
],
'kotlin-kotlin-project:sources/kotlin/kotlin/compiler/ir/ir.psi2ir/src/org/jetbrains/kotlin/psi2ir/Psi2IrTranslator.kt':[
32,
],
'kotlin-kotlin-project:sources/kotlin/kotlin/compiler/ir/ir.psi2ir/src/org/jetbrains/kotlin/psi2ir/intermediate/Values.kt':[
37,
],
'kotlin-kotlin-project:sources/kotlin/kotlin/compiler/ir/ir.tree/src/org/jetbrains/kotlin/ir/SourceManager.kt':[
33,
],
'kotlin-kotlin-project:sources/kotlin/kotlin/compiler/light-classes/src/org/jetbrains/kotlin/asJava/builder/LightClassDataProvider.kt':[
157,
],
'kotlin-kotlin-project:sources/kotlin/kotlin/compiler/light-classes/src/org/jetbrains/kotlin/asJava/classes/KtLightClassForSourceDeclaration.kt':[
482,
],
'kotlin-kotlin-project:sources/kotlin/kotlin/compiler/plugin-api/src/org/jetbrains/kotlin/compiler/plugin/ComponentRegistrar.kt':[
23,
],
'kotlin-kotlin-project:sources/kotlin/kotlin/compiler/psi/src/org/jetbrains/kotlin/psi/KtFileClassProvider.kt':[
21,
],
'kotlin-kotlin-project:sources/kotlin/kotlin/compiler/resolution/src/org/jetbrains/kotlin/contracts/description/ContractDescription.kt':[
35,
],
'kotlin-kotlin-project:sources/kotlin/kotlin/compiler/resolution/src/org/jetbrains/kotlin/contracts/interpretation/EffectDeclarationInterpreter.kt':[
28,
],
'kotlin-kotlin-project:sources/kotlin/kotlin/compiler/resolution/src/org/jetbrains/kotlin/contracts/model/ESExpressions.kt':[
21,
],
'kotlin-kotlin-project:sources/kotlin/kotlin/compiler/resolution/src/org/jetbrains/kotlin/contracts/model/Functor.kt':[
27,
],
'kotlin-kotlin-project:sources/kotlin/kotlin/compiler/resolution/src/org/jetbrains/kotlin/resolve/calls/inference/components/ResultTypeResolver.kt':[
32,
],
'kotlin-kotlin-project:sources/kotlin/kotlin/compiler/resolution/src/org/jetbrains/kotlin/resolve/calls/model/ResolutionCandidate.kt':[
43,
],
'kotlin-kotlin-project:sources/kotlin/kotlin/compiler/resolution/src/org/jetbrains/kotlin/resolve/calls/results/FlatSignature.kt':[
29,
33,
],
'kotlin-kotlin-project:sources/kotlin/kotlin/compiler/resolution/src/org/jetbrains/kotlin/resolve/calls/tower/TowerResolver.kt':[
40,
],
'kotlin-kotlin-project:sources/kotlin/kotlin/compiler/resolution/src/org/jetbrains/kotlin/resolve/scopes/LexicalScopeStorage.kt':[
29,
],
'kotlin-kotlin-project:sources/kotlin/kotlin/compiler/serialization/src/org/jetbrains/kotlin/serialization/SerializerExtension.kt':[
22,
],
'kotlin-kotlin-project:sources/kotlin/kotlin/compiler/tests/org/jetbrains/kotlin/scripts/ScriptTemplateTest.kt':[
469,
],
'kotlin-kotlin-project:sources/kotlin/kotlin/compiler/util/src/org/jetbrains/kotlin/load/kotlin/incremental/components/IncrementalCompilationComponents.kt':[
21,
],
'kotlin-kotlin-project:sources/kotlin/kotlin/compiler/util/src/org/jetbrains/kotlin/progress/CancelationStatus.kt':[
24,
],
'kotlin-kotlin-project:sources/kotlin/kotlin/core/builtins/native/kotlin/Collections.kt':[
26,
],
'kotlin-kotlin-project:sources/kotlin/kotlin/core/builtins/native/kotlin/Comparable.kt':[
22,
],
'kotlin-kotlin-project:sources/kotlin/kotlin/core/descriptors.jvm/src/org/jetbrains/kotlin/load/java/components/JavaPropertyInitializerEvaluator.kt':[
23,
],
'kotlin-kotlin-project:sources/kotlin/kotlin/core/descriptors.jvm/src/org/jetbrains/kotlin/load/java/components/SamConversionResolver.kt':[
22,
],
'kotlin-kotlin-project:sources/kotlin/kotlin/core/descriptors.jvm/src/org/jetbrains/kotlin/load/java/lazy/ModuleClassResolver.kt':[
24,
],
'kotlin-kotlin-project:sources/kotlin/kotlin/core/descriptors.jvm/src/org/jetbrains/kotlin/load/java/lazy/resolvers.kt':[
26,
],
'kotlin-kotlin-project:sources/kotlin/kotlin/core/descriptors.jvm/src/org/jetbrains/kotlin/load/java/sources/JavaSourceElementFactory.kt':[
22,
],
'kotlin-kotlin-project:sources/kotlin/kotlin/core/descriptors/src/org/jetbrains/kotlin/builtins/BuiltInsLoader.kt':[
27,
],
'kotlin-kotlin-project:sources/kotlin/kotlin/core/descriptors/src/org/jetbrains/kotlin/descriptors/Substitutable.kt':[
21,
],
'kotlin-kotlin-project:sources/kotlin/kotlin/core/descriptors/src/org/jetbrains/kotlin/descriptors/SupertypeLoopChecker.kt':[
22,
],
'kotlin-kotlin-project:sources/kotlin/kotlin/core/descriptors/src/org/jetbrains/kotlin/descriptors/deserialization/PlatformDependentDeclarationFilter.kt':[
23,
],
'kotlin-kotlin-project:sources/kotlin/kotlin/core/descriptors/src/org/jetbrains/kotlin/incremental/components/ExpectActualTracker.kt':[
23,
],
'kotlin-kotlin-project:sources/kotlin/kotlin/core/descriptors/src/org/jetbrains/kotlin/renderer/ClassifierNamePolicy.kt':[
24,
],
'kotlin-kotlin-project:sources/kotlin/kotlin/core/descriptors/src/org/jetbrains/kotlin/util/ModuleVisibilityHelper.kt':[
21,
],
'kotlin-kotlin-project:sources/kotlin/kotlin/core/deserialization/src/org/jetbrains/kotlin/serialization/deserialization/ContractDeserializer.kt':[
23,
],
'kotlin-kotlin-project:sources/kotlin/kotlin/core/deserialization/src/org/jetbrains/kotlin/serialization/deserialization/FlexibleTypeDeserializer.kt':[
23,
],
'kotlin-kotlin-project:sources/kotlin/kotlin/core/script.runtime/src/kotlin/script/dependencies/resolvers_deprecated.kt':[
27,
],
'kotlin-kotlin-project:sources/kotlin/kotlin/core/util.runtime/src/org/jetbrains/kotlin/storage/storage.kt':[
46,
50,
],
'kotlin-kotlin-project:sources/kotlin/kotlin/eval4j/src/org/jetbrains/eval4j/interpreterLoop.kt':[
27,
],
'kotlin-kotlin-project:sources/kotlin/kotlin/idea/formatter/src/org/jetbrains/kotlin/idea/formatter/KotlinSpacingBuilder.kt':[
41,
],
'kotlin-kotlin-project:sources/kotlin/kotlin/idea/ide-common/src/org/jetbrains/kotlin/idea/kdoc/SampleResolutionService.kt':[
24,
],
'kotlin-kotlin-project:sources/kotlin/kotlin/idea/idea-analysis/src/org/jetbrains/kotlin/idea/caches/project/LibraryDependenciesCache.kt':[
29,
],
'kotlin-kotlin-project:sources/kotlin/kotlin/idea/idea-analysis/src/org/jetbrains/kotlin/idea/compiler/configuration/BaseKotlinCompilerSettings.kt':[
95,
],
'kotlin-kotlin-project:sources/kotlin/kotlin/idea/idea-analysis/src/org/jetbrains/kotlin/idea/configuration/BuildSystemType.kt':[
16,
],
'kotlin-kotlin-project:sources/kotlin/kotlin/idea/idea-analysis/src/org/jetbrains/kotlin/idea/decompiler/textBuilder/DecompiledText.kt':[
25,
],
'kotlin-kotlin-project:sources/kotlin/kotlin/idea/idea-analysis/src/org/jetbrains/kotlin/idea/framework/LibraryEffectiveKindProvider.kt':[
13,
],
'kotlin-kotlin-project:sources/kotlin/kotlin/idea/idea-analysis/src/org/jetbrains/kotlin/idea/quickfix/QuickFixes.kt':[
60,
],
'kotlin-kotlin-project:sources/kotlin/kotlin/idea/idea-analysis/src/org/jetbrains/kotlin/idea/search/usagesSearch/ExpressionsOfTypeProcessor.kt':[
117,
],
'kotlin-kotlin-project:sources/kotlin/kotlin/idea/idea-completion/src/org/jetbrains/kotlin/idea/completion/CompletionInformationProvider.kt':[
22,
],
'kotlin-kotlin-project:sources/kotlin/kotlin/idea/idea-completion/src/org/jetbrains/kotlin/idea/completion/ContextVariablesProvider.kt':[
32,
],
'kotlin-kotlin-project:sources/kotlin/kotlin/idea/idea-completion/src/org/jetbrains/kotlin/idea/completion/KeywordValues.kt':[
41,
],
'kotlin-kotlin-project:sources/kotlin/kotlin/idea/idea-completion/src/org/jetbrains/kotlin/idea/completion/smart/SmartCompletion.kt':[
52,
],
'kotlin-kotlin-project:sources/kotlin/kotlin/idea/idea-core/src/org/jetbrains/kotlin/idea/core/NotPropertiesService.kt':[
24,
],
'kotlin-kotlin-project:sources/kotlin/kotlin/idea/idea-core/src/org/jetbrains/kotlin/idea/core/extension/KotlinIndicesHelperExtension.kt':[
24,
],
'kotlin-kotlin-project:sources/kotlin/kotlin/idea/idea-jvm/src/org/jetbrains/kotlin/idea/debugger/evaluate/classLoading/AndroidDexer.kt':[
21,
],
'kotlin-kotlin-project:sources/kotlin/kotlin/idea/idea-maven/src/org/jetbrains/kotlin/idea/maven/KotlinMavenImporter.kt':[
59,
],
'kotlin-kotlin-project:sources/kotlin/kotlin/idea/idea-repl/src/org/jetbrains/kotlin/console/CommandHistory.kt':[
57,
],
'kotlin-kotlin-project:sources/kotlin/kotlin/idea/performanceTests/org/jetbrains/kotlin/idea/perf/WholeProjectFileProvider.kt':[
11,
],
'kotlin-kotlin-project:sources/kotlin/kotlin/idea/src/org/jetbrains/kotlin/idea/codeInliner/UsageReplacementStrategy.kt':[
47,
],
'kotlin-kotlin-project:sources/kotlin/kotlin/idea/src/org/jetbrains/kotlin/idea/facet/KotlinFacetConfigurationExtension.kt':[
24,
],
'kotlin-kotlin-project:sources/kotlin/kotlin/idea/src/org/jetbrains/kotlin/idea/highlighter/markers/KotlinLineMarkerProvider.kt':[
150,
],
'kotlin-kotlin-project:sources/kotlin/kotlin/idea/src/org/jetbrains/kotlin/idea/internal/KotlinDecompilerService.kt':[
24,
],
'kotlin-kotlin-project:sources/kotlin/kotlin/idea/src/org/jetbrains/kotlin/idea/quickfix/ChangeMemberFunctionSignatureFix.kt':[
248,
],
'kotlin-kotlin-project:sources/kotlin/kotlin/idea/src/org/jetbrains/kotlin/idea/refactoring/introduce/introduceParameter/KotlinIntroduceParameterHandler.kt':[
207,
],
'kotlin-kotlin-project:sources/kotlin/kotlin/idea/src/org/jetbrains/kotlin/idea/refactoring/pushDown/KotlinPushDownHandler.kt':[
49,
],
'kotlin-kotlin-project:sources/kotlin/kotlin/idea/tests/org/jetbrains/kotlin/idea/refactoring/AbstractMultifileRefactoringTest.kt':[
46,
],
'kotlin-kotlin-project:sources/kotlin/kotlin/j2k/src/org/jetbrains/kotlin/j2k/DocCommentConverter.kt':[
24,
],
'kotlin-kotlin-project:sources/kotlin/kotlin/j2k/src/org/jetbrains/kotlin/j2k/ExpressionConverter.kt':[
43,
47,
],
'kotlin-kotlin-project:sources/kotlin/kotlin/j2k/src/org/jetbrains/kotlin/j2k/JavaToKotlinConverter.kt':[
57,
],
'kotlin-kotlin-project:sources/kotlin/kotlin/j2k/src/org/jetbrains/kotlin/j2k/JavaToKotlinConverterServices.kt':[
46,
],
'kotlin-kotlin-project:sources/kotlin/kotlin/j2k/src/org/jetbrains/kotlin/j2k/ResolverForConverter.kt':[
22,
],
'kotlin-kotlin-project:sources/kotlin/kotlin/j2k/src/org/jetbrains/kotlin/j2k/StatementConverter.kt':[
23,
27,
],
'kotlin-kotlin-project:sources/kotlin/kotlin/j2k/src/org/jetbrains/kotlin/j2k/usageProcessing/UsageProcessing.kt':[
37,
],
'kotlin-kotlin-project:sources/kotlin/kotlin/js/js.translator/src/org/jetbrains/kotlin/js/translate/extensions/JsSyntheticTranslateExtension.kt':[
25,
],
'kotlin-kotlin-project:sources/kotlin/kotlin/js/js.translator/src/org/jetbrains/kotlin/js/translate/intrinsic/objects/objectsIntrinsics.kt':[
57,
],
'kotlin-kotlin-project:sources/kotlin/kotlin/libraries/kotlin.test/common/src/main/kotlin/kotlin/test/Assertions.kt':[
219,
],
'kotlin-kotlin-project:sources/kotlin/kotlin/libraries/scripting/common/src/kotlin/script/experimental/api/scriptCompilation.kt':[
8,
],
'kotlin-kotlin-project:sources/kotlin/kotlin/libraries/scripting/common/src/kotlin/script/experimental/api/scriptEvaluation.kt':[
28,
],
'kotlin-kotlin-project:sources/kotlin/kotlin/libraries/scripting/common/src/kotlin/script/experimental/api/scriptingEnvironment.kt':[
31,
],
'kotlin-kotlin-project:sources/kotlin/kotlin/libraries/scripting/jvm/src/kotlin/script/experimental/jvm/jvmScriptCompilation.kt':[
56,
],
'kotlin-kotlin-project:sources/kotlin/kotlin/libraries/stdlib/common/src/kotlin/KotlinH.kt':[
13,
],
'kotlin-kotlin-project:sources/kotlin/kotlin/libraries/stdlib/js/src/kotlin/Comparator.kt':[
9,
],
'kotlin-kotlin-project:sources/kotlin/kotlin/libraries/stdlib/js/src/org.w3c/org.w3c.dom.events.kt':[
482,
],
'kotlin-kotlin-project:sources/kotlin/kotlin/libraries/stdlib/js/src/org.w3c/org.w3c.dom.kt':[
2871,
3400,
],
'kotlin-kotlin-project:sources/kotlin/kotlin/libraries/stdlib/js/src/org.w3c/org.w3c.dom.svg.kt':[
439,
],
'kotlin-kotlin-project:sources/kotlin/kotlin/libraries/stdlib/src/kotlin/collections/Sequence.kt':[
21,
],
'kotlin-kotlin-project:sources/kotlin/kotlin/libraries/stdlib/src/kotlin/internal/contracts/Effect.kt':[
20,
],
'kotlin-kotlin-project:sources/kotlin/kotlin/libraries/stdlib/src/kotlin/properties/Interfaces.kt':[
19,
],
'kotlin-kotlin-project:sources/kotlin/kotlin/libraries/tools/binary-compatibility-validator/src/test/kotlin/cases/interfaces/interfaceWithImpls.kt':[
19,
],
'kotlin-kotlin-project:sources/kotlin/kotlin/libraries/tools/kotlin-gradle-plugin-integration-tests/src/test/resources/testProject/jvmTarget/src/helloWorld.kt':[
1,
],
'kotlin-kotlin-project:sources/kotlin/kotlin/libraries/tools/kotlin-gradle-plugin-integration-tests/src/test/resources/testProject/kapt2/android-databinding/app/src/main/java/com/example/databinding/EnumAdapter.kt':[
13,
],
'kotlin-kotlin-project:sources/kotlin/kotlin/libraries/tools/kotlin-gradle-plugin-integration-tests/src/test/resources/testProject/kapt2/kt15001/app/src/main/java/MyComponent.kt':[
8,
],
'kotlin-kotlin-project:sources/kotlin/kotlin/libraries/tools/kotlin-gradle-plugin-integration-tests/src/test/resources/testProject/suppressWarnings/src/helloWorld.kt':[
9,
],
'kotlin-kotlin-project:sources/kotlin/kotlin/libraries/tools/kotlin-gradle-plugin/src/main/kotlin/org/jetbrains/kotlin/gradle/plugin/KotlinSourceSetProvider.kt':[
19,
],
'kotlin-kotlin-project:sources/kotlin/kotlin/libraries/tools/kotlin-maven-plugin-test/src/it/test-dagger-maven-example/src/main/kotlin/CoffeeApp.kt':[
9,
],
'kotlin-kotlin-project:sources/kotlin/kotlin/libraries/tools/kotlin-maven-plugin-test/src/it/test-dagger-maven-example/src/main/kotlin/Pump.kt':[
3,
],
'kotlin-kotlin-project:sources/kotlin/kotlin/libraries/tools/kotlin-maven-plugin-test/src/it/test-dagger-maven-example/src/test/kotlin/hello/tests/ExampleTest.kt':[
15,
],
'kotlin-kotlin-project:sources/kotlin/kotlin/libraries/tools/kotlin-maven-plugin-test/src/it/test-js-suppressWarnings/src/main/kotlin/org/jetbrains/HelloWorld.kt':[
9,
],
'kotlin-kotlin-project:sources/kotlin/kotlin/libraries/tools/kotlin-maven-plugin-test/src/it/test-jvmTarget/src/main/kotlin/main.kt':[
1,
],
'kotlin-kotlin-project:sources/kotlin/kotlin/libraries/tools/kotlin-maven-plugin-test/src/it/test-kapt-allopen/src/main/kotlin/CoffeeApp.kt':[
9,
],
'kotlin-kotlin-project:sources/kotlin/kotlin/libraries/tools/kotlin-maven-plugin-test/src/it/test-kapt-allopen/src/main/kotlin/Pump.kt':[
3,
],
'kotlin-kotlin-project:sources/kotlin/kotlin/libraries/tools/kotlin-maven-plugin-test/src/it/test-kapt-allopen/src/test/kotlin/hello/tests/ExampleTest.kt':[
15,
],
'kotlin-kotlin-project:sources/kotlin/kotlin/libraries/tools/kotlin-maven-plugin-test/src/it/test-suppressWarnings/src/main/kotlin/org/jetbrains/HelloWorld.kt':[
9,
],
'kotlin-kotlin-project:sources/kotlin/kotlin/libraries/tools/kotlin-script-util/src/main/kotlin/org/jetbrains/kotlin/script/util/resolvers/basic.kt':[
23,
],
'kotlin-kotlin-project:sources/kotlin/kotlin/libraries/tools/kotlinp/src/org/jetbrains/kotlin/kotlinp/printers.kt':[
512,
],
'kotlin-kotlin-project:sources/kotlin/kotlin/plugins/uast-kotlin/tests/org/jetbrains/uast/test/common/ResolveTestBase.kt':[
25,
],
}
