{
"kotlin-kotlin-project:sources/kotlin/kotlin/build-common/src/org/jetbrains/kotlin/incremental/ProtoCompareGenerated.kt": [
0
],
"kotlin-kotlin-project:sources/kotlin/kotlin/compiler/frontend/src/org/jetbrains/kotlin/cfg/ControlFlowProcessor.kt": [
0
],
"kotlin-kotlin-project:sources/kotlin/kotlin/idea/idea-gradle/tests/org/jetbrains/kotlin/idea/codeInsight/gradle/GradleConfiguratorTest.kt": [
0
],
"kotlin-kotlin-project:sources/kotlin/kotlin/idea/idea-gradle/tests/org/jetbrains/kotlin/idea/codeInsight/gradle/GradleFacetImportTest.kt": [
0
],
"kotlin-kotlin-project:sources/kotlin/kotlin/idea/idea-maven/test/org/jetbrains/kotlin/idea/maven/KotlinMavenImporterTest.kt": [
0
],
"kotlin-kotlin-project:sources/kotlin/kotlin/idea/tests/org/jetbrains/kotlin/idea/codeInsight/smartEnter/SmartEnterTest.kt": [
0
],
"kotlin-kotlin-project:sources/kotlin/kotlin/libraries/stdlib/common/src/generated/_Arrays.kt": [
0
],
"kotlin-kotlin-project:sources/kotlin/kotlin/libraries/stdlib/common/src/generated/_Collections.kt": [
0
],
"kotlin-kotlin-project:sources/kotlin/kotlin/libraries/stdlib/common/src/generated/_Sequences.kt": [
0
],
"kotlin-kotlin-project:sources/kotlin/kotlin/libraries/stdlib/common/src/generated/_Strings.kt": [
0
],
"kotlin-kotlin-project:sources/kotlin/kotlin/libraries/stdlib/js/src/org.w3c/org.khronos.webgl.kt": [
0
],
"kotlin-kotlin-project:sources/kotlin/kotlin/libraries/stdlib/js/src/org.w3c/org.w3c.dom.kt": [
0
],
"kotlin-kotlin-project:sources/kotlin/kotlin/libraries/stdlib/jvm/src/generated/_ArraysJvm.kt": [
0
],
"kotlin-kotlin-project:sources/kotlin/kotlin/libraries/stdlib/jvm/src/kotlin/util/MathJVM.kt": [
0
],
"kotlin-kotlin-project:sources/kotlin/kotlin/libraries/stdlib/src/kotlin/text/Strings.kt": [
0
],
"kotlin-kotlin-project:sources/kotlin/kotlin/libraries/stdlib/test/collections/ArraysTest.kt": [
0
],
"kotlin-kotlin-project:sources/kotlin/kotlin/libraries/stdlib/test/text/StringTest.kt": [
0
],
"kotlin-kotlin-project:sources/kotlin/kotlin/libraries/tools/kotlin-stdlib-gen/src/templates/Generators.kt": [
0
]
}
