{
'kotlin-kotlin-language-server-project:server/src/main/kotlin/org/javacs/kt/CompiledFile.kt':[
93,
],
}
