{
'kotlin-kotlin-language-server-project:server/src/main/kotlin/org/javacs/kt/CompilerClassPath.kt':[
145,
],
'kotlin-kotlin-language-server-project:server/src/main/kotlin/org/javacs/kt/compiler/Compiler.kt':[
553,
],
}
