{
"kotlin-kotlin-language-server-project:server/src/main/kotlin/org/javacs/kt/codeaction/quickfix/QuickFix.kt": [
19
]
}
