{
"kotlin-kotlin-language-server-project:server/src/main/kotlin/org/javacs/kt/SourcePath.kt": [
137,
196
]
}
