{
"kotlin-okio-project:sources/kotlin/okio/okio/jvm/src/test/java/okio/TestUtil.kt": [
59,
68
]
}
