{
'kotlin-okio-project:sources/kotlin/okio/okio/jvm/src/main/java/okio/AsyncTimeout.kt':[
277,
],
'kotlin-okio-project:sources/kotlin/okio/okio/jvm/src/main/java/okio/Buffer.kt':[
463,
1149,
1150,
],
'kotlin-okio-project:sources/kotlin/okio/okio/src/main/kotlin/okio/Base64.kt':[
49,
],
'kotlin-okio-project:sources/kotlin/okio/okio/src/main/kotlin/okio/Utf8.kt':[
84,
],
}
