{
"kotlin-okio-project:sources/kotlin/okio/okio/js/src/main/kotlin/okio/ByteString.kt": [
185
],
"kotlin-okio-project:sources/kotlin/okio/okio/jvm/src/main/java/okio/ByteString.kt": [
256
]
}
