{
"kotlin-ktor-project:sources/kotlin/ktor/ktor-client/ktor-client-apache/jvm/src/io/ktor/client/engine/apache/ApacheResponseConsumer.kt": [
91
],
"kotlin-ktor-project:sources/kotlin/ktor/ktor-client/ktor-client-core/common/src/io/ktor/client/HttpClient.kt": [
224
],
"kotlin-ktor-project:sources/kotlin/ktor/ktor-io/jvm/src/io/ktor/utils/io/ExceptionUtilsJvm.kt": [
45
],
"kotlin-ktor-project:sources/kotlin/ktor/ktor-io/jvm/src/io/ktor/utils/io/internal/CancellableReusableContinuation.kt": [
46
],
"kotlin-ktor-project:sources/kotlin/ktor/ktor-network/jvm/src/io/ktor/network/selector/LockFreeMPSCQueue.kt": [
50
],
"kotlin-ktor-project:sources/kotlin/ktor/ktor-network/jvm/src/io/ktor/network/sockets/ConnectUtilsJvm.kt": [
49,
61
],
"kotlin-ktor-project:sources/kotlin/ktor/ktor-server/ktor-server-cio/jvmAndNix/src/io/ktor/server/cio/backend/ServerPipeline.kt": [
210
],
"kotlin-ktor-project:sources/kotlin/ktor/ktor-server/ktor-server-config-yaml/jvmAndNix/src/io/ktor/server/config/yaml/YamlConfig.kt": [
73
],
"kotlin-ktor-project:sources/kotlin/ktor/ktor-server/ktor-server-netty/jvm/src/io/ktor/server/netty/cio/RequestBodyHandler.kt": [
56,
60,
157
],
"kotlin-ktor-project:sources/kotlin/ktor/ktor-server/ktor-server-plugins/ktor-server-auth/jvm/test/io/ktor/tests/auth/OAuth1aTest.kt": [
438,
483
],
"kotlin-ktor-project:sources/kotlin/ktor/ktor-server/ktor-server-plugins/ktor-server-auth/jvm/test/io/ktor/tests/auth/OAuth2JvmTest.kt": [
416,
447
],
"kotlin-ktor-project:sources/kotlin/ktor/ktor-server/ktor-server-plugins/ktor-server-auth/jvmAndNix/src/io/ktor/server/auth/Principal.kt": [
28
],
"kotlin-ktor-project:sources/kotlin/ktor/ktor-server/ktor-server-plugins/ktor-server-locations/jvm/src/io/ktor/server/locations/Locations.kt": [
154
],
"kotlin-ktor-project:sources/kotlin/ktor/ktor-server/ktor-server-plugins/ktor-server-sessions/jvm/src/io/ktor/server/sessions/SessionSerializerReflection.kt": [
143,
465
],
"kotlin-ktor-project:sources/kotlin/ktor/ktor-server/ktor-server-plugins/ktor-server-websockets/jvmAndNix/test/io/ktor/tests/websocket/RawWebSocketTest.kt": [
80
],
"kotlin-ktor-project:sources/kotlin/ktor/ktor-server/ktor-server-servlet-jakarta/jvm/src/io/ktor/server/servlet/jakarta/ServletApplicationEngine.kt": [
122
],
"kotlin-ktor-project:sources/kotlin/ktor/ktor-server/ktor-server-servlet/jvm/src/io/ktor/server/servlet/ServletApplicationEngine.kt": [
122
],
"kotlin-ktor-project:sources/kotlin/ktor/ktor-shared/ktor-events/common/src/io/ktor/events/Events.kt": [
49
],
"kotlin-ktor-project:sources/kotlin/ktor/ktor-shared/ktor-websockets/common/src/io/ktor/websocket/RawWebSocketCommon.kt": [
80
],
"kotlin-ktor-project:sources/kotlin/ktor/ktor-shared/ktor-websockets/jvm/src/io/ktor/websocket/WebSocketWriter.kt": [
76,
78,
78,
80,
81,
81,
100,
101,
105
],
"kotlin-ktor-project:sources/kotlin/ktor/ktor-utils/common/src/io/ktor/util/internal/LockFreeLinkedList.kt": [
195,
641,
747
],
"kotlin-ktor-project:sources/kotlin/ktor/ktor-utils/common/src/io/ktor/util/pipeline/Pipeline.kt": [
220
],
"kotlin-ktor-project:sources/kotlin/ktor/ktor-utils/common/src/io/ktor/util/pipeline/SuspendFunctionGun.kt": [
22
],
"kotlin-ktor-project:sources/kotlin/ktor/ktor-utils/js/src/io/ktor/util/AttributesJs.kt": [
18
],
"kotlin-ktor-project:sources/kotlin/ktor/ktor-utils/posix/src/io/ktor/util/collections/LockFreeMPSCQueueNative.kt": [
57
]
}
