{
"kotlin-ktor-project:sources/kotlin/ktor/ktor-utils/jvm/src/io/ktor/util/network/NetworkAddressJvm.kt": [
19,
19,
22,
25
]
}
