{
'kotlin-ktor-project:sources/kotlin/ktor/ktor-client/ktor-client-apache5/jvm/src/io/ktor/client/engine/apache5/ApacheResponseConsumer.kt':[
120,
],
'kotlin-ktor-project:sources/kotlin/ktor/ktor-http/common/src/io/ktor/http/ContentTypes.kt':[
70,
78,
],
'kotlin-ktor-project:sources/kotlin/ktor/ktor-http/common/src/io/ktor/http/Cookie.kt':[
169,
177,
193,
],
'kotlin-ktor-project:sources/kotlin/ktor/ktor-http/common/src/io/ktor/http/Parameters.kt':[
93,
],
'kotlin-ktor-project:sources/kotlin/ktor/ktor-http/common/src/io/ktor/http/parsing/regex/RegexParserGenerator.kt':[
53,
],
'kotlin-ktor-project:sources/kotlin/ktor/ktor-http/ktor-http-cio/common/src/io/ktor/http/cio/ConnectionOptions.kt':[
114,
],
'kotlin-ktor-project:sources/kotlin/ktor/ktor-http/ktor-http-cio/jvm/src/io/ktor/http/cio/Multipart.kt':[
417,
488,
],
'kotlin-ktor-project:sources/kotlin/ktor/ktor-io/jvm/src/io/ktor/utils/io/ExceptionUtilsJvm.kt':[
72,
77,
],
'kotlin-ktor-project:sources/kotlin/ktor/ktor-io/posix/test/io/ktor/utils/io/PosixIoTest.kt':[
48,
],
'kotlin-ktor-project:sources/kotlin/ktor/ktor-network/ktor-network-tls/jvm/src/io/ktor/network/tls/TLSClientHandshake.kt':[
246,
],
'kotlin-ktor-project:sources/kotlin/ktor/ktor-server/ktor-server-core/jvm/src/io/ktor/server/http/content/DefaultTransformJvm.kt':[
21,
],
'kotlin-ktor-project:sources/kotlin/ktor/ktor-server/ktor-server-core/jvmAndNix/src/io/ktor/server/config/MapApplicationConfig.kt':[
106,
],
'kotlin-ktor-project:sources/kotlin/ktor/ktor-server/ktor-server-core/jvmAndNix/src/io/ktor/server/routing/Route.kt':[
125,
129,
],
'kotlin-ktor-project:sources/kotlin/ktor/ktor-server/ktor-server-host-common/jvmAndNix/src/io/ktor/server/engine/BaseApplicationResponse.kt':[
86,
],
'kotlin-ktor-project:sources/kotlin/ktor/ktor-server/ktor-server-host-common/jvmAndNix/src/io/ktor/server/engine/DefaultTransform.kt':[
45,
],
'kotlin-ktor-project:sources/kotlin/ktor/ktor-server/ktor-server-jetty-jakarta/jvm/src/io/ktor/server/jetty/jakarta/ServerInitializer.kt':[
56,
],
'kotlin-ktor-project:sources/kotlin/ktor/ktor-server/ktor-server-jetty/jvm/src/io/ktor/server/jetty/ServerInitializer.kt':[
56,
],
'kotlin-ktor-project:sources/kotlin/ktor/ktor-server/ktor-server-plugins/ktor-server-auth/jvm/src/io/ktor/server/auth/DigestAuth.kt':[
66,
],
'kotlin-ktor-project:sources/kotlin/ktor/ktor-server/ktor-server-plugins/ktor-server-auth/jvmAndNix/src/io/ktor/server/auth/OAuth2.kt':[
287,
],
'kotlin-ktor-project:sources/kotlin/ktor/ktor-server/ktor-server-plugins/ktor-server-locations/jvm/src/io/ktor/server/locations/BackwardCompatibleImpl.kt':[
146,
],
'kotlin-ktor-project:sources/kotlin/ktor/ktor-server/ktor-server-plugins/ktor-server-sessions/jvm/src/io/ktor/server/sessions/SessionSerializerReflection.kt':[
156,
167,
178,
189,
202,
223,
242,
334,
335,
344,
350,
372,
],
'kotlin-ktor-project:sources/kotlin/ktor/ktor-utils/common/src/io/ktor/util/converters/ConversionService.kt':[
40,
],
}
