{
'kotlin-ktor-project:sources/kotlin/ktor/ktor-client/ktor-client-core/common/src/io/ktor/client/request/forms/FormDataContent.kt':[
66,
],
'kotlin-ktor-project:sources/kotlin/ktor/ktor-server/ktor-server-plugins/ktor-server-content-negotiation/jvm/test/ContentNegotiationJvmTest.kt':[
132,
],
'kotlin-ktor-project:sources/kotlin/ktor/ktor-server/ktor-server-test-host/jvm/src/io/ktor/server/testing/HighLoadHttpGenerator.kt':[
172,
],
'kotlin-ktor-project:sources/kotlin/ktor/ktor-server/ktor-server-test-host/jvmAndNix/src/io/ktor/server/testing/TestApplicationRequest.kt':[
162,
207,
],
'kotlin-ktor-project:sources/kotlin/ktor/ktor-server/ktor-server-tests/jvm/test/io/ktor/server/testing/TestApplicationEngineTest.kt':[
308,
],
'kotlin-ktor-project:sources/kotlin/ktor/ktor-server/ktor-server-tests/jvmAndNix/test/io/ktor/tests/server/http/TestEngineMultipartTest.kt':[
188,
],
}
