{
'kotlin-test-resources-sources-project:ruling/src/test/resources/sources/kotlin/S1144.kt':[
0,
],
'kotlin-test-resources-sources-project:ruling/src/test/resources/sources/kotlin/S1763.kt':[
0,
],
'kotlin-test-resources-sources-project:ruling/src/test/resources/sources/kotlin/S2068.kt':[
0,
],
'kotlin-test-resources-sources-project:ruling/src/test/resources/sources/kotlin/S2116.kt':[
0,
],
'kotlin-test-resources-sources-project:ruling/src/test/resources/sources/kotlin/S2122.kt':[
0,
],
'kotlin-test-resources-sources-project:ruling/src/test/resources/sources/kotlin/S2123.kt':[
0,
],
'kotlin-test-resources-sources-project:ruling/src/test/resources/sources/kotlin/S2757.kt':[
0,
],
'kotlin-test-resources-sources-project:ruling/src/test/resources/sources/kotlin/S3958.kt':[
0,
],
'kotlin-test-resources-sources-project:ruling/src/test/resources/sources/kotlin/S6202.kt':[
0,
],
}
