{
"kotlin-test-resources-sources-project:ruling/src/test/resources/sources/kotlin/S6512.kt": [
5
]
}
